// Vitest Snapshot v1, https://vitest.dev/guide/snapshot.html

exports[`treeMap > render snapshot 1`] = `
<div>
  <svg
    viewBox="0 0 1024 768"
    xmlns="http://www.w3.org/2000/svg"
  >
    <g
      class="layer"
    >
      <g
        class="node"
        data-id="1"
        transform="translate(0,0)"
      >
        <rect
          fill="rgb(230, 230, 230)"
          height="768"
          width="1024"
        />
        <text
          dominant-baseline="middle"
          fill="#000"
          font-size="0.8em"
          text-anchor="middle"
          transform="scale(1.00)"
          x="512"
          y="10.5"
        >
          bin-linux-1.21-amd64
        </text>
      </g>
    </g>
    <g
      class="layer"
    >
      <g
        class="node"
        data-id="588"
        transform="translate(474,20)"
      >
        <rect
          fill="rgb(192, 172, 210)"
          height="748"
          width="550"
        />
        <text
          dominant-baseline="middle"
          fill="#000"
          font-size="0.8em"
          text-anchor="middle"
          transform="scale(1.00)"
          x="275"
          y="10.5"
        >
          Std Packages Size
        </text>
      </g>
    </g>
    <g
      class="layer"
    >
      <g
        class="node"
        data-id="31"
        transform="translate(0,20)"
      >
        <rect
          fill="rgb(210, 172, 172)"
          height="15"
          width="473"
        />
        <text
          dominant-baseline="middle"
          fill="#000"
          font-size="0.8em"
          text-anchor="middle"
          transform="scale(1.00)"
          x="236.5"
          y="7.5"
        >
          Generated Packages Size
        </text>
      </g>
      <g
        class="node"
        data-id="622"
        transform="translate(0,36)"
      >
        <rect
          fill="rgb(192, 210, 172)"
          height="17"
          width="473"
        />
        <text
          dominant-baseline="middle"
          fill="#000"
          font-size="0.8em"
          text-anchor="middle"
          transform="scale(1.00)"
          x="236.5"
          y="8.5"
        >
          Main Packages Size
        </text>
      </g>
      <g
        class="node"
        data-id="96"
        transform="translate(483,40)"
      >
        <rect
          fill="rgb(154, 123, 183)"
          height="24"
          width="5"
        />
      </g>
      <g
        class="node"
        data-id="571"
        transform="translate(549,40)"
      >
        <rect
          fill="rgb(154, 123, 183)"
          height="24"
          width="41"
        />
        <text
          dominant-baseline="middle"
          fill="#000"
          font-size="0.8em"
          text-anchor="middle"
          transform="scale(1.00)"
          x="20.5"
          y="10.5"
        >
          unicode
        </text>
      </g>
      <g
        class="node"
        data-id="74"
        transform="translate(899,40)"
      >
        <rect
          fill="rgb(154, 123, 183)"
          height="24"
          width="125"
        />
        <text
          dominant-baseline="middle"
          fill="#000"
          font-size="0.8em"
          text-anchor="middle"
          transform="scale(1.00)"
          x="62.5"
          y="10.5"
        >
          io
        </text>
      </g>
      <g
        class="node"
        data-id="499"
        transform="translate(508,65)"
      >
        <rect
          fill="rgb(154, 123, 183)"
          height="108"
          width="35"
        />
        <text
          dominant-baseline="middle"
          fill="#000"
          font-size="0.8em"
          text-anchor="middle"
          transform="scale(1.00)"
          x="17.5"
          y="10.5"
        >
          sync
        </text>
      </g>
      <g
        class="node"
        data-id="117"
        transform="translate(474,174)"
      >
        <rect
          fill="rgb(154, 123, 183)"
          height="594"
          width="550"
        />
        <text
          dominant-baseline="middle"
          fill="#000"
          font-size="0.8em"
          text-anchor="middle"
          transform="scale(1.00)"
          x="275"
          y="10.5"
        >
          runtime
        </text>
      </g>
    </g>
    <g
      class="layer"
    >
      <g
        class="node"
        data-id="23"
        transform="translate(0,54)"
      >
        <rect
          fill="rgb(172, 210, 210)"
          height="714"
          width="473"
        />
        <text
          dominant-baseline="middle"
          fill="#000"
          font-size="0.8em"
          text-anchor="middle"
          transform="scale(1.00)"
          x="236.5"
          y="10.5"
        >
          Unknown Sections Size
        </text>
      </g>
      <g
        class="node"
        data-id="68"
        transform="translate(474,40)"
      >
        <rect
          fill="rgb(154, 123, 183)"
          height="24"
          width="2"
        />
      </g>
      <g
        class="node"
        data-id="103"
        transform="translate(479,40)"
      >
        <rect
          fill="rgb(154, 123, 183)"
          height="24"
          width="3"
        />
      </g>
      <g
        class="node"
        data-id="61"
        transform="translate(489,40)"
      >
        <rect
          fill="rgb(154, 123, 183)"
          height="24"
          width="8"
        />
      </g>
      <g
        class="node"
        data-id="59"
        transform="translate(498,40)"
      >
        <rect
          fill="rgb(154, 123, 183)"
          height="24"
          width="12"
        />
      </g>
      <g
        class="node"
        data-id="35"
        transform="translate(511,40)"
      >
        <rect
          fill="rgb(154, 123, 183)"
          height="24"
          width="13"
        />
        <text
          dominant-baseline="middle"
          fill="#000"
          font-size="0.8em"
          text-anchor="middle"
          transform="scale(1.00)"
          x="6.5"
          y="10.5"
        >
          errors
        </text>
      </g>
      <g
        class="node"
        data-id="44"
        transform="translate(525,40)"
      >
        <rect
          fill="rgb(154, 123, 183)"
          height="24"
          width="23"
        />
        <text
          dominant-baseline="middle"
          fill="#000"
          font-size="0.8em"
          text-anchor="middle"
          transform="scale(1.00)"
          x="11.5"
          y="10.5"
        >
          internal/bytealg
        </text>
      </g>
      <g
        class="node"
        data-id="70"
        transform="translate(591,40)"
      >
        <rect
          fill="rgb(154, 123, 183)"
          height="24"
          width="63"
        />
        <text
          dominant-baseline="middle"
          fill="#000"
          font-size="0.8em"
          text-anchor="middle"
          transform="scale(1.00)"
          x="31.5"
          y="10.5"
        >
          internal/reflectlite
        </text>
      </g>
      <g
        class="node"
        data-id="494"
        transform="translate(655,40)"
      >
        <rect
          fill="rgb(154, 123, 183)"
          height="24"
          width="65"
        />
        <text
          dominant-baseline="middle"
          fill="#000"
          font-size="0.8em"
          text-anchor="middle"
          transform="scale(1.00)"
          x="32.5"
          y="10.5"
        >
          strconv
        </text>
      </g>
      <g
        class="node"
        data-id="50"
        transform="translate(721,40)"
      >
        <rect
          fill="rgb(154, 123, 183)"
          height="24"
          width="77"
        />
        <text
          dominant-baseline="middle"
          fill="#000"
          font-size="0.8em"
          text-anchor="middle"
          transform="scale(1.00)"
          x="38.5"
          y="10.5"
        >
          internal/cpu
        </text>
      </g>
      <g
        class="node"
        data-id="39"
        transform="translate(799,40)"
      >
        <rect
          fill="rgb(154, 123, 183)"
          height="24"
          width="99"
        />
        <text
          dominant-baseline="middle"
          fill="#000"
          font-size="0.8em"
          text-anchor="middle"
          transform="scale(1.00)"
          x="49.5"
          y="10.5"
        >
          internal/abi
        </text>
      </g>
      <g
        class="node"
        data-id="32"
        transform="translate(474,65)"
      >
        <rect
          fill="rgb(154, 123, 183)"
          height="108"
          width="33"
        />
        <text
          dominant-baseline="middle"
          fill="#000"
          font-size="0.8em"
          text-anchor="middle"
          transform="scale(1.00)"
          x="16.5"
          y="10.5"
        >
          embed
        </text>
      </g>
      <g
        class="node"
        data-id="522"
        transform="translate(544,65)"
      >
        <rect
          fill="rgb(154, 123, 183)"
          height="108"
          width="48"
        />
        <text
          dominant-baseline="middle"
          fill="#000"
          font-size="0.8em"
          text-anchor="middle"
          transform="scale(1.00)"
          x="24"
          y="10.5"
        >
          syscall
        </text>
      </g>
      <g
        class="node"
        data-id="106"
        transform="translate(593,65)"
      >
        <rect
          fill="rgb(154, 123, 183)"
          height="108"
          width="96"
        />
        <text
          dominant-baseline="middle"
          fill="#000"
          font-size="0.8em"
          text-anchor="middle"
          transform="scale(1.00)"
          x="48"
          y="10.5"
        >
          reflect
        </text>
      </g>
      <g
        class="node"
        data-id="543"
        transform="translate(690,65)"
      >
        <rect
          fill="rgb(154, 123, 183)"
          height="108"
          width="334"
        />
        <text
          dominant-baseline="middle"
          fill="#000"
          font-size="0.8em"
          text-anchor="middle"
          transform="scale(1.00)"
          x="167"
          y="10.5"
        >
          time
        </text>
      </g>
      <g
        class="node"
        data-id="98"
        transform="translate(486,60)"
      >
        <rect
          fill="rgb(116, 80, 149)"
          height="4"
          width="2"
        />
      </g>
      <g
        class="node"
        data-id="573"
        transform="translate(567,60)"
      >
        <rect
          fill="rgb(116, 80, 149)"
          height="4"
          width="23"
        />
      </g>
      <g
        class="node"
        data-id="76"
        transform="translate(914,60)"
      >
        <rect
          fill="rgb(116, 80, 149)"
          height="4"
          width="110"
        />
      </g>
      <g
        class="node"
        data-id="512"
        transform="translate(508,156)"
      >
        <rect
          fill="rgb(116, 80, 149)"
          height="17"
          width="35"
        />
        <text
          dominant-baseline="middle"
          fill="#fff"
          font-size="0.8em"
          text-anchor="middle"
          transform="scale(1.00)"
          x="17.5"
          y="8.5"
        >
          atomic
        </text>
      </g>
      <g
        class="node"
        data-id="241"
        transform="translate(489,201)"
      >
        <rect
          fill="rgb(116, 80, 149)"
          height="20"
          width="6"
        />
      </g>
      <g
        class="node"
        data-id="236"
        transform="translate(504,201)"
      >
        <rect
          fill="rgb(116, 80, 149)"
          height="20"
          width="7"
        />
      </g>
      <g
        class="node"
        data-id="243"
        transform="translate(757,201)"
      >
        <rect
          fill="rgb(116, 80, 149)"
          height="20"
          width="17"
        />
        <text
          dominant-baseline="middle"
          fill="#fff"
          font-size="0.8em"
          text-anchor="middle"
          transform="scale(1.00)"
          x="8.5"
          y="10"
        >
          internal/syscall
        </text>
      </g>
      <g
        class="node"
        data-id="238"
        transform="translate(509,598)"
      >
        <rect
          fill="rgb(116, 80, 149)"
          height="39"
          width="65"
        />
        <text
          dominant-baseline="middle"
          fill="#fff"
          font-size="0.8em"
          text-anchor="middle"
          transform="scale(1.00)"
          x="32.5"
          y="10.5"
        >
          internal/atomic
        </text>
      </g>
    </g>
    <g
      class="layer"
    >
      <g
        class="node"
        data-id="6"
        transform="translate(0,74)"
      >
        <rect
          fill="rgb(123, 183, 183)"
          height="3"
          width="5"
        />
      </g>
      <g
        class="node"
        data-id="13"
        transform="translate(6,74)"
      >
        <rect
          fill="rgb(123, 183, 183)"
          height="3"
          width="8"
        />
      </g>
      <g
        class="node"
        data-id="16"
        transform="translate(15,74)"
      >
        <rect
          fill="rgb(123, 183, 183)"
          height="3"
          width="9"
        />
      </g>
      <g
        class="node"
        data-id="18"
        transform="translate(25,74)"
      >
        <rect
          fill="rgb(123, 183, 183)"
          height="3"
          width="21"
        />
      </g>
      <g
        class="node"
        data-id="11"
        transform="translate(47,74)"
      >
        <rect
          fill="rgb(123, 183, 183)"
          height="3"
          width="27"
        />
      </g>
      <g
        class="node"
        data-id="4"
        transform="translate(75,74)"
      >
        <rect
          fill="rgb(123, 183, 183)"
          height="3"
          width="29"
        />
      </g>
      <g
        class="node"
        data-id="22"
        transform="translate(105,74)"
      >
        <rect
          fill="rgb(123, 183, 183)"
          height="3"
          width="122"
        />
      </g>
      <g
        class="node"
        data-id="15"
        transform="translate(228,74)"
      >
        <rect
          fill="rgb(123, 183, 183)"
          height="3"
          width="245"
        />
      </g>
      <g
        class="node"
        data-id="3"
        transform="translate(0,78)"
      >
        <rect
          fill="rgb(123, 183, 183)"
          height="93"
          width="21"
        />
        <text
          dominant-baseline="middle"
          fill="#000"
          font-size="0.8em"
          text-anchor="middle"
          transform="scale(1.00)"
          x="10.5"
          y="46.5"
        >
          .data
        </text>
      </g>
      <g
        class="node"
        data-id="10"
        transform="translate(22,78)"
      >
        <rect
          fill="rgb(123, 183, 183)"
          height="93"
          width="56"
        />
        <text
          dominant-baseline="middle"
          fill="#000"
          font-size="0.8em"
          text-anchor="middle"
          transform="scale(1.00)"
          x="28"
          y="46.5"
        >
          .debug_ranges
        </text>
      </g>
      <g
        class="node"
        data-id="5"
        transform="translate(79,78)"
      >
        <rect
          fill="rgb(123, 183, 183)"
          height="93"
          width="129"
        />
        <text
          dominant-baseline="middle"
          fill="#000"
          font-size="0.8em"
          text-anchor="middle"
          transform="scale(1.00)"
          x="64.5"
          y="46.5"
        >
          .debug_frame
        </text>
      </g>
      <g
        class="node"
        data-id="20"
        transform="translate(209,78)"
      >
        <rect
          fill="rgb(123, 183, 183)"
          height="93"
          width="264"
        />
        <text
          dominant-baseline="middle"
          fill="#000"
          font-size="0.8em"
          text-anchor="middle"
          transform="scale(1.00)"
          x="132"
          y="46.5"
        >
          .symtab
        </text>
      </g>
      <g
        class="node"
        data-id="19"
        transform="translate(0,172)"
      >
        <rect
          fill="rgb(123, 183, 183)"
          height="195"
          width="129"
        />
        <text
          dominant-baseline="middle"
          fill="#000"
          font-size="0.8em"
          text-anchor="middle"
          transform="scale(1.00)"
          x="64.5"
          y="97.5"
        >
          .strtab
        </text>
      </g>
      <g
        class="node"
        data-id="8"
        transform="translate(130,172)"
      >
        <rect
          fill="rgb(123, 183, 183)"
          height="195"
          width="169"
        />
        <text
          dominant-baseline="middle"
          fill="#000"
          font-size="0.8em"
          text-anchor="middle"
          transform="scale(1.00)"
          x="84.5"
          y="97.5"
        >
          .debug_line
        </text>
      </g>
      <g
        class="node"
        data-id="9"
        transform="translate(300,172)"
      >
        <rect
          fill="rgb(123, 183, 183)"
          height="195"
          width="173"
        />
        <text
          dominant-baseline="middle"
          fill="#000"
          font-size="0.8em"
          text-anchor="middle"
          transform="scale(1.00)"
          x="86.5"
          y="97.5"
        >
          .debug_loc
        </text>
      </g>
      <g
        class="node"
        data-id="17"
        transform="translate(0,368)"
      >
        <rect
          fill="rgb(123, 183, 183)"
          height="198"
          width="298"
        />
        <text
          dominant-baseline="middle"
          fill="#000"
          font-size="0.8em"
          text-anchor="middle"
          transform="scale(1.00)"
          x="149"
          y="99"
        >
          .rodata
        </text>
      </g>
      <g
        class="node"
        data-id="12"
        transform="translate(0,567)"
      >
        <rect
          fill="rgb(123, 183, 183)"
          height="201"
          width="298"
        />
        <text
          dominant-baseline="middle"
          fill="#000"
          font-size="0.8em"
          text-anchor="middle"
          transform="scale(1.00)"
          x="149"
          y="100.5"
        >
          .gopclntab
        </text>
      </g>
      <g
        class="node"
        data-id="7"
        transform="translate(299,368)"
      >
        <rect
          fill="rgb(123, 183, 183)"
          height="400"
          width="174"
        />
        <text
          dominant-baseline="middle"
          fill="#000"
          font-size="0.8em"
          text-anchor="middle"
          transform="scale(1.00)"
          x="87"
          y="200"
        >
          .debug_info
        </text>
      </g>
      <g
        class="node"
        data-id="69"
        transform="translate(474,60)"
      >
        <rect
          fill="rgb(116, 80, 149)"
          height="4"
          width="2"
        />
      </g>
      <g
        class="node"
        data-id="104"
        transform="translate(480,60)"
      >
        <rect
          fill="rgb(116, 80, 149)"
          height="4"
          width="2"
        />
      </g>
      <g
        class="node"
        data-id="97"
        transform="translate(483,60)"
      >
        <rect
          fill="rgb(116, 80, 149)"
          height="4"
          width="2"
        />
      </g>
      <g
        class="node"
        data-id="62"
        transform="translate(490,60)"
      >
        <rect
          fill="rgb(116, 80, 149)"
          height="4"
          width="7"
        />
      </g>
      <g
        class="node"
        data-id="60"
        transform="translate(498,60)"
      >
        <rect
          fill="rgb(116, 80, 149)"
          height="4"
          width="12"
        />
      </g>
      <g
        class="node"
        data-id="36"
        transform="translate(511,60)"
      >
        <rect
          fill="rgb(116, 80, 149)"
          height="4"
          width="13"
        />
      </g>
      <g
        class="node"
        data-id="46"
        transform="translate(525,60)"
      >
        <rect
          fill="rgb(116, 80, 149)"
          height="4"
          width="2"
        />
      </g>
      <g
        class="node"
        data-id="48"
        transform="translate(528,60)"
      >
        <rect
          fill="rgb(116, 80, 149)"
          height="4"
          width="4"
        />
      </g>
      <g
        class="node"
        data-id="45"
        transform="translate(533,60)"
      >
        <rect
          fill="rgb(116, 80, 149)"
          height="4"
          width="6"
        />
      </g>
      <g
        class="node"
        data-id="47"
        transform="translate(540,60)"
      >
        <rect
          fill="rgb(116, 80, 149)"
          height="4"
          width="8"
        />
      </g>
      <g
        class="node"
        data-id="572"
        transform="translate(551,60)"
      >
        <rect
          fill="rgb(116, 80, 149)"
          height="4"
          width="15"
        />
      </g>
      <g
        class="node"
        data-id="71"
        transform="translate(591,60)"
      >
        <rect
          fill="rgb(116, 80, 149)"
          height="4"
          width="2"
        />
      </g>
      <g
        class="node"
        data-id="73"
        transform="translate(594,60)"
      >
        <rect
          fill="rgb(116, 80, 149)"
          height="4"
          width="19"
        />
      </g>
      <g
        class="node"
        data-id="72"
        transform="translate(614,60)"
      >
        <rect
          fill="rgb(116, 80, 149)"
          height="4"
          width="40"
        />
      </g>
      <g
        class="node"
        data-id="496"
        transform="translate(656,60)"
      >
        <rect
          fill="rgb(116, 80, 149)"
          height="4"
          width="4"
        />
      </g>
      <g
        class="node"
        data-id="495"
        transform="translate(661,60)"
      >
        <rect
          fill="rgb(116, 80, 149)"
          height="4"
          width="59"
        />
      </g>
      <g
        class="node"
        data-id="56"
        transform="translate(721,60)"
      >
        <rect
          fill="rgb(116, 80, 149)"
          height="4"
          width="2"
        />
      </g>
      <g
        class="node"
        data-id="53"
        transform="translate(724,60)"
      >
        <rect
          fill="rgb(116, 80, 149)"
          height="4"
          width="6"
        />
      </g>
      <g
        class="node"
        data-id="51"
        transform="translate(731,60)"
      >
        <rect
          fill="rgb(116, 80, 149)"
          height="4"
          width="28"
        />
      </g>
      <g
        class="node"
        data-id="52"
        transform="translate(760,60)"
      >
        <rect
          fill="rgb(116, 80, 149)"
          height="4"
          width="38"
        />
      </g>
      <g
        class="node"
        data-id="41"
        transform="translate(799,61)"
      >
        <rect
          fill="rgb(116, 80, 149)"
          height="3"
          width="3"
        />
      </g>
      <g
        class="node"
        data-id="42"
        transform="translate(803,60)"
      >
        <rect
          fill="rgb(116, 80, 149)"
          height="4"
          width="3"
        />
      </g>
      <g
        class="node"
        data-id="40"
        transform="translate(807,60)"
      >
        <rect
          fill="rgb(116, 80, 149)"
          height="4"
          width="91"
        />
      </g>
      <g
        class="node"
        data-id="75"
        transform="translate(901,60)"
      >
        <rect
          fill="rgb(116, 80, 149)"
          height="4"
          width="12"
        />
      </g>
      <g
        class="node"
        data-id="33"
        transform="translate(474,85)"
      >
        <rect
          fill="rgb(116, 80, 149)"
          height="88"
          width="33"
        />
        <text
          dominant-baseline="middle"
          fill="#fff"
          font-size="0.8em"
          text-anchor="middle"
          transform="scale(1.00)"
          x="16.5"
          y="44"
        >
          embed.go
        </text>
      </g>
      <g
        class="node"
        data-id="511"
        transform="translate(511,85)"
      >
        <rect
          fill="rgb(116, 80, 149)"
          height="5"
          width="7"
        />
      </g>
      <g
        class="node"
        data-id="509"
        transform="translate(519,85)"
      >
        <rect
          fill="rgb(116, 80, 149)"
          height="5"
          width="10"
        />
      </g>
      <g
        class="node"
        data-id="500"
        transform="translate(530,85)"
      >
        <rect
          fill="rgb(116, 80, 149)"
          height="5"
          width="13"
        />
      </g>
      <g
        class="node"
        data-id="506"
        transform="translate(508,91)"
      >
        <rect
          fill="rgb(116, 80, 149)"
          height="11"
          width="4"
        />
      </g>
      <g
        class="node"
        data-id="501"
        transform="translate(513,91)"
      >
        <rect
          fill="rgb(116, 80, 149)"
          height="11"
          width="7"
        />
      </g>
      <g
        class="node"
        data-id="502"
        transform="translate(521,91)"
      >
        <rect
          fill="rgb(116, 80, 149)"
          height="11"
          width="9"
        />
      </g>
      <g
        class="node"
        data-id="503"
        transform="translate(531,91)"
      >
        <rect
          fill="rgb(116, 80, 149)"
          height="11"
          width="12"
        />
      </g>
      <g
        class="node"
        data-id="510"
        transform="translate(508,103)"
      >
        <rect
          fill="rgb(116, 80, 149)"
          height="23"
          width="10"
        />
      </g>
      <g
        class="node"
        data-id="505"
        transform="translate(519,103)"
      >
        <rect
          fill="rgb(116, 80, 149)"
          height="23"
          width="10"
        />
      </g>
      <g
        class="node"
        data-id="504"
        transform="translate(530,103)"
      >
        <rect
          fill="rgb(116, 80, 149)"
          height="23"
          width="13"
        />
        <text
          dominant-baseline="middle"
          fill="#fff"
          font-size="0.8em"
          text-anchor="middle"
          transform="scale(1.00)"
          x="6.5"
          y="11.5"
        >
          sema.go
        </text>
      </g>
      <g
        class="node"
        data-id="508"
        transform="translate(508,127)"
      >
        <rect
          fill="rgb(116, 80, 149)"
          height="28"
          width="12"
        />
      </g>
      <g
        class="node"
        data-id="507"
        transform="translate(521,127)"
      >
        <rect
          fill="rgb(116, 80, 149)"
          height="28"
          width="22"
        />
        <text
          dominant-baseline="middle"
          fill="#fff"
          font-size="0.8em"
          text-anchor="middle"
          transform="scale(1.00)"
          x="11"
          y="14"
        >
          mutex.go
        </text>
      </g>
      <g
        class="node"
        data-id="523"
        transform="translate(544,86)"
      >
        <rect
          fill="rgb(116, 80, 149)"
          height="9"
          width="4"
        />
      </g>
      <g
        class="node"
        data-id="526"
        transform="translate(549,86)"
      >
        <rect
          fill="rgb(116, 80, 149)"
          height="9"
          width="4"
        />
      </g>
      <g
        class="node"
        data-id="524"
        transform="translate(554,86)"
      >
        <rect
          fill="rgb(116, 80, 149)"
          height="9"
          width="10"
        />
      </g>
      <g
        class="node"
        data-id="531"
        transform="translate(565,86)"
      >
        <rect
          fill="rgb(116, 80, 149)"
          height="9"
          width="9"
        />
      </g>
      <g
        class="node"
        data-id="532"
        transform="translate(575,86)"
      >
        <rect
          fill="rgb(116, 80, 149)"
          height="9"
          width="17"
        />
      </g>
      <g
        class="node"
        data-id="529"
        transform="translate(544,96)"
      >
        <rect
          fill="rgb(116, 80, 149)"
          height="24"
          width="14"
        />
        <text
          dominant-baseline="middle"
          fill="#fff"
          font-size="0.8em"
          text-anchor="middle"
          transform="scale(1.00)"
          x="7"
          y="12"
        >
          syscall_unix.go
        </text>
      </g>
      <g
        class="node"
        data-id="527"
        transform="translate(559,96)"
      >
        <rect
          fill="rgb(116, 80, 149)"
          height="24"
          width="15"
        />
        <text
          dominant-baseline="middle"
          fill="#fff"
          font-size="0.8em"
          text-anchor="middle"
          transform="scale(1.00)"
          x="7.5"
          y="12"
        >
          syscall.go
        </text>
      </g>
      <g
        class="node"
        data-id="528"
        transform="translate(575,96)"
      >
        <rect
          fill="rgb(116, 80, 149)"
          height="24"
          width="17"
        />
        <text
          dominant-baseline="middle"
          fill="#fff"
          font-size="0.8em"
          text-anchor="middle"
          transform="scale(1.00)"
          x="8.5"
          y="12"
        >
          syscall_linux.go
        </text>
      </g>
      <g
        class="node"
        data-id="542"
        transform="translate(544,121)"
      >
        <rect
          fill="rgb(116, 80, 149)"
          height="29"
          width="22"
        />
        <text
          dominant-baseline="middle"
          fill="#fff"
          font-size="0.8em"
          text-anchor="middle"
          transform="scale(1.00)"
          x="11"
          y="14.5"
        >
          errors
        </text>
      </g>
      <g
        class="node"
        data-id="525"
        transform="translate(567,121)"
      >
        <rect
          fill="rgb(116, 80, 149)"
          height="29"
          width="25"
        />
        <text
          dominant-baseline="middle"
          fill="#fff"
          font-size="0.8em"
          text-anchor="middle"
          transform="scale(1.00)"
          x="12.5"
          y="14.5"
        >
          env_unix.go
        </text>
      </g>
      <g
        class="node"
        data-id="530"
        transform="translate(544,151)"
      >
        <rect
          fill="rgb(116, 80, 149)"
          height="22"
          width="48"
        />
        <text
          dominant-baseline="middle"
          fill="#fff"
          font-size="0.8em"
          text-anchor="middle"
          transform="scale(1.00)"
          x="24"
          y="11"
        >
          zsyscall_linux_amd64.go
        </text>
      </g>
      <g
        class="node"
        data-id="113"
        transform="translate(593,87)"
      >
        <rect
          fill="rgb(116, 80, 149)"
          height="2"
          width="2"
        />
      </g>
      <g
        class="node"
        data-id="107"
        transform="translate(593,90)"
      >
        <rect
          fill="rgb(116, 80, 149)"
          height="17"
          width="2"
        />
      </g>
      <g
        class="node"
        data-id="111"
        transform="translate(593,108)"
      >
        <rect
          fill="rgb(116, 80, 149)"
          height="31"
          width="2"
        />
      </g>
      <g
        class="node"
        data-id="108"
        transform="translate(593,140)"
      >
        <rect
          fill="rgb(116, 80, 149)"
          height="33"
          width="2"
        />
      </g>
      <g
        class="node"
        data-id="112"
        transform="translate(596,85)"
      >
        <rect
          fill="rgb(116, 80, 149)"
          height="10"
          width="40"
        />
      </g>
      <g
        class="node"
        data-id="109"
        transform="translate(596,96)"
      >
        <rect
          fill="rgb(116, 80, 149)"
          height="77"
          width="40"
        />
        <text
          dominant-baseline="middle"
          fill="#fff"
          font-size="0.8em"
          text-anchor="middle"
          transform="scale(1.00)"
          x="20"
          y="38.5"
        >
          type.go
        </text>
      </g>
      <g
        class="node"
        data-id="110"
        transform="translate(637,85)"
      >
        <rect
          fill="rgb(116, 80, 149)"
          height="88"
          width="52"
        />
        <text
          dominant-baseline="middle"
          fill="#fff"
          font-size="0.8em"
          text-anchor="middle"
          transform="scale(1.00)"
          x="26"
          y="44"
        >
          value.go
        </text>
      </g>
      <g
        class="node"
        data-id="563"
        transform="translate(690,92)"
      >
        <rect
          fill="rgb(116, 80, 149)"
          height="3"
          width="8"
        />
      </g>
      <g
        class="node"
        data-id="564"
        transform="translate(690,96)"
      >
        <rect
          fill="rgb(116, 80, 149)"
          height="3"
          width="8"
        />
      </g>
      <g
        class="node"
        data-id="550"
        transform="translate(690,100)"
      >
        <rect
          fill="rgb(116, 80, 149)"
          height="10"
          width="8"
        />
      </g>
      <g
        class="node"
        data-id="545"
        transform="translate(690,111)"
      >
        <rect
          fill="rgb(116, 80, 149)"
          height="12"
          width="8"
        />
      </g>
      <g
        class="node"
        data-id="544"
        transform="translate(690,124)"
      >
        <rect
          fill="rgb(116, 80, 149)"
          height="12"
          width="8"
        />
      </g>
      <g
        class="node"
        data-id="554"
        transform="translate(690,137)"
      >
        <rect
          fill="rgb(116, 80, 149)"
          height="36"
          width="8"
        />
      </g>
      <g
        class="node"
        data-id="547"
        transform="translate(699,85)"
      >
        <rect
          fill="rgb(116, 80, 149)"
          height="12"
          width="46"
        />
      </g>
      <g
        class="node"
        data-id="553"
        transform="translate(699,98)"
      >
        <rect
          fill="rgb(116, 80, 149)"
          height="14"
          width="46"
        />
        <text
          dominant-baseline="middle"
          fill="#fff"
          font-size="0.8em"
          text-anchor="middle"
          transform="scale(1.00)"
          x="23"
          y="7"
        >
          format_rfc3339.go
        </text>
      </g>
      <g
        class="node"
        data-id="552"
        transform="translate(699,113)"
      >
        <rect
          fill="rgb(116, 80, 149)"
          height="19"
          width="46"
        />
        <text
          dominant-baseline="middle"
          fill="#fff"
          font-size="0.8em"
          text-anchor="middle"
          transform="scale(1.00)"
          x="23"
          y="9.5"
        >
          zoneinfo_unix.go
        </text>
      </g>
      <g
        class="node"
        data-id="548"
        transform="translate(699,133)"
      >
        <rect
          fill="rgb(116, 80, 149)"
          height="40"
          width="46"
        />
        <text
          dominant-baseline="middle"
          fill="#fff"
          font-size="0.8em"
          text-anchor="middle"
          transform="scale(1.00)"
          x="23"
          y="20"
        >
          time.go
        </text>
      </g>
      <g
        class="node"
        data-id="549"
        transform="translate(746,85)"
      >
        <rect
          fill="rgb(116, 80, 149)"
          height="88"
          width="61"
        />
        <text
          dominant-baseline="middle"
          fill="#fff"
          font-size="0.8em"
          text-anchor="middle"
          transform="scale(1.00)"
          x="30.5"
          y="44"
        >
          zoneinfo.go
        </text>
      </g>
      <g
        class="node"
        data-id="551"
        transform="translate(808,85)"
      >
        <rect
          fill="rgb(116, 80, 149)"
          height="88"
          width="87"
        />
        <text
          dominant-baseline="middle"
          fill="#fff"
          font-size="0.8em"
          text-anchor="middle"
          transform="scale(1.00)"
          x="43.5"
          y="44"
        >
          zoneinfo_read.go
        </text>
      </g>
      <g
        class="node"
        data-id="546"
        transform="translate(896,85)"
      >
        <rect
          fill="rgb(116, 80, 149)"
          height="88"
          width="128"
        />
        <text
          dominant-baseline="middle"
          fill="#fff"
          font-size="0.8em"
          text-anchor="middle"
          transform="scale(1.00)"
          x="64"
          y="44"
        >
          format.go
        </text>
      </g>
      <g
        class="node"
        data-id="359"
        transform="translate(474,195)"
      >
        <rect
          fill="rgb(116, 80, 149)"
          height="2"
          width="8"
        />
      </g>
      <g
        class="node"
        data-id="250"
        transform="translate(483,195)"
      >
        <rect
          fill="rgb(116, 80, 149)"
          height="2"
          width="8"
        />
      </g>
      <g
        class="node"
        data-id="403"
        transform="translate(492,195)"
      >
        <rect
          fill="rgb(116, 80, 149)"
          height="2"
          width="8"
        />
      </g>
      <g
        class="node"
        data-id="404"
        transform="translate(501,195)"
      >
        <rect
          fill="rgb(116, 80, 149)"
          height="2"
          width="8"
        />
      </g>
      <g
        class="node"
        data-id="302"
        transform="translate(510,195)"
      >
        <rect
          fill="rgb(116, 80, 149)"
          height="2"
          width="9"
        />
      </g>
      <g
        class="node"
        data-id="337"
        transform="translate(520,195)"
      >
        <rect
          fill="rgb(116, 80, 149)"
          height="2"
          width="10"
        />
      </g>
      <g
        class="node"
        data-id="459"
        transform="translate(531,195)"
      >
        <rect
          fill="rgb(116, 80, 149)"
          height="2"
          width="10"
        />
      </g>
      <g
        class="node"
        data-id="362"
        transform="translate(542,195)"
      >
        <rect
          fill="rgb(116, 80, 149)"
          height="2"
          width="11"
        />
      </g>
      <g
        class="node"
        data-id="456"
        transform="translate(554,195)"
      >
        <rect
          fill="rgb(116, 80, 149)"
          height="2"
          width="10"
        />
      </g>
      <g
        class="node"
        data-id="312"
        transform="translate(565,195)"
      >
        <rect
          fill="rgb(116, 80, 149)"
          height="2"
          width="14"
        />
      </g>
      <g
        class="node"
        data-id="425"
        transform="translate(580,195)"
      >
        <rect
          fill="rgb(116, 80, 149)"
          height="2"
          width="15"
        />
      </g>
      <g
        class="node"
        data-id="248"
        transform="translate(596,195)"
      >
        <rect
          fill="rgb(116, 80, 149)"
          height="2"
          width="20"
        />
      </g>
      <g
        class="node"
        data-id="264"
        transform="translate(617,195)"
      >
        <rect
          fill="rgb(116, 80, 149)"
          height="2"
          width="20"
        />
      </g>
      <g
        class="node"
        data-id="461"
        transform="translate(638,195)"
      >
        <rect
          fill="rgb(116, 80, 149)"
          height="2"
          width="20"
        />
      </g>
      <g
        class="node"
        data-id="458"
        transform="translate(659,195)"
      >
        <rect
          fill="rgb(116, 80, 149)"
          height="2"
          width="21"
        />
      </g>
      <g
        class="node"
        data-id="118"
        transform="translate(681,195)"
      >
        <rect
          fill="rgb(116, 80, 149)"
          height="2"
          width="22"
        />
      </g>
      <g
        class="node"
        data-id="128"
        transform="translate(704,195)"
      >
        <rect
          fill="rgb(116, 80, 149)"
          height="2"
          width="22"
        />
      </g>
      <g
        class="node"
        data-id="171"
        transform="translate(727,195)"
      >
        <rect
          fill="rgb(116, 80, 149)"
          height="2"
          width="22"
        />
      </g>
      <g
        class="node"
        data-id="174"
        transform="translate(750,195)"
      >
        <rect
          fill="rgb(116, 80, 149)"
          height="2"
          width="22"
        />
      </g>
      <g
        class="node"
        data-id="175"
        transform="translate(773,195)"
      >
        <rect
          fill="rgb(116, 80, 149)"
          height="2"
          width="22"
        />
      </g>
      <g
        class="node"
        data-id="206"
        transform="translate(796,195)"
      >
        <rect
          fill="rgb(116, 80, 149)"
          height="2"
          width="22"
        />
      </g>
      <g
        class="node"
        data-id="210"
        transform="translate(819,195)"
      >
        <rect
          fill="rgb(116, 80, 149)"
          height="2"
          width="22"
        />
      </g>
      <g
        class="node"
        data-id="215"
        transform="translate(842,195)"
      >
        <rect
          fill="rgb(116, 80, 149)"
          height="2"
          width="22"
        />
      </g>
      <g
        class="node"
        data-id="263"
        transform="translate(865,195)"
      >
        <rect
          fill="rgb(116, 80, 149)"
          height="2"
          width="23"
        />
      </g>
      <g
        class="node"
        data-id="316"
        transform="translate(889,195)"
      >
        <rect
          fill="rgb(116, 80, 149)"
          height="2"
          width="25"
        />
      </g>
      <g
        class="node"
        data-id="476"
        transform="translate(915,195)"
      >
        <rect
          fill="rgb(116, 80, 149)"
          height="2"
          width="25"
        />
      </g>
      <g
        class="node"
        data-id="294"
        transform="translate(941,195)"
      >
        <rect
          fill="rgb(116, 80, 149)"
          height="2"
          width="27"
        />
      </g>
      <g
        class="node"
        data-id="199"
        transform="translate(969,195)"
      >
        <rect
          fill="rgb(116, 80, 149)"
          height="2"
          width="27"
        />
      </g>
      <g
        class="node"
        data-id="225"
        transform="translate(997,195)"
      >
        <rect
          fill="rgb(116, 80, 149)"
          height="2"
          width="27"
        />
      </g>
      <g
        class="node"
        data-id="168"
        transform="translate(474,198)"
      >
        <rect
          fill="rgb(116, 80, 149)"
          height="2"
          width="23"
        />
      </g>
      <g
        class="node"
        data-id="214"
        transform="translate(498,198)"
      >
        <rect
          fill="rgb(116, 80, 149)"
          height="2"
          width="22"
        />
      </g>
      <g
        class="node"
        data-id="223"
        transform="translate(521,198)"
      >
        <rect
          fill="rgb(116, 80, 149)"
          height="2"
          width="23"
        />
      </g>
      <g
        class="node"
        data-id="227"
        transform="translate(545,198)"
      >
        <rect
          fill="rgb(116, 80, 149)"
          height="2"
          width="23"
        />
      </g>
      <g
        class="node"
        data-id="381"
        transform="translate(569,198)"
      >
        <rect
          fill="rgb(116, 80, 149)"
          height="2"
          width="25"
        />
      </g>
      <g
        class="node"
        data-id="184"
        transform="translate(595,198)"
      >
        <rect
          fill="rgb(116, 80, 149)"
          height="2"
          width="27"
        />
      </g>
      <g
        class="node"
        data-id="202"
        transform="translate(623,198)"
      >
        <rect
          fill="rgb(116, 80, 149)"
          height="2"
          width="26"
        />
      </g>
      <g
        class="node"
        data-id="462"
        transform="translate(650,198)"
      >
        <rect
          fill="rgb(116, 80, 149)"
          height="2"
          width="28"
        />
      </g>
      <g
        class="node"
        data-id="450"
        transform="translate(679,198)"
      >
        <rect
          fill="rgb(116, 80, 149)"
          height="2"
          width="28"
        />
      </g>
      <g
        class="node"
        data-id="464"
        transform="translate(708,198)"
      >
        <rect
          fill="rgb(116, 80, 149)"
          height="2"
          width="29"
        />
      </g>
      <g
        class="node"
        data-id="448"
        transform="translate(738,198)"
      >
        <rect
          fill="rgb(116, 80, 149)"
          height="2"
          width="29"
        />
      </g>
      <g
        class="node"
        data-id="270"
        transform="translate(768,198)"
      >
        <rect
          fill="rgb(116, 80, 149)"
          height="2"
          width="29"
        />
      </g>
      <g
        class="node"
        data-id="133"
        transform="translate(798,198)"
      >
        <rect
          fill="rgb(116, 80, 149)"
          height="2"
          width="30"
        />
      </g>
      <g
        class="node"
        data-id="460"
        transform="translate(829,198)"
      >
        <rect
          fill="rgb(116, 80, 149)"
          height="2"
          width="30"
        />
      </g>
      <g
        class="node"
        data-id="119"
        transform="translate(860,198)"
      >
        <rect
          fill="rgb(116, 80, 149)"
          height="2"
          width="32"
        />
      </g>
      <g
        class="node"
        data-id="176"
        transform="translate(893,198)"
      >
        <rect
          fill="rgb(116, 80, 149)"
          height="2"
          width="31"
        />
      </g>
      <g
        class="node"
        data-id="180"
        transform="translate(925,198)"
      >
        <rect
          fill="rgb(116, 80, 149)"
          height="2"
          width="32"
        />
      </g>
      <g
        class="node"
        data-id="188"
        transform="translate(958,198)"
      >
        <rect
          fill="rgb(116, 80, 149)"
          height="2"
          width="31"
        />
      </g>
      <g
        class="node"
        data-id="226"
        transform="translate(990,198)"
      >
        <rect
          fill="rgb(116, 80, 149)"
          height="2"
          width="34"
        />
      </g>
      <g
        class="node"
        data-id="165"
        transform="translate(474,201)"
      >
        <rect
          fill="rgb(116, 80, 149)"
          height="20"
          width="6"
        />
      </g>
      <g
        class="node"
        data-id="122"
        transform="translate(481,201)"
      >
        <rect
          fill="rgb(116, 80, 149)"
          height="20"
          width="7"
        />
      </g>
      <g
        class="node"
        data-id="314"
        transform="translate(496,201)"
      >
        <rect
          fill="rgb(116, 80, 149)"
          height="20"
          width="7"
        />
      </g>
      <g
        class="node"
        data-id="383"
        transform="translate(512,201)"
      >
        <rect
          fill="rgb(116, 80, 149)"
          height="20"
          width="7"
        />
      </g>
      <g
        class="node"
        data-id="132"
        transform="translate(520,201)"
      >
        <rect
          fill="rgb(116, 80, 149)"
          height="20"
          width="7"
        />
      </g>
      <g
        class="node"
        data-id="205"
        transform="translate(528,201)"
      >
        <rect
          fill="rgb(116, 80, 149)"
          height="20"
          width="7"
        />
      </g>
      <g
        class="node"
        data-id="203"
        transform="translate(536,201)"
      >
        <rect
          fill="rgb(116, 80, 149)"
          height="20"
          width="7"
        />
      </g>
      <g
        class="node"
        data-id="376"
        transform="translate(544,201)"
      >
        <rect
          fill="rgb(116, 80, 149)"
          height="20"
          width="10"
        />
      </g>
      <g
        class="node"
        data-id="427"
        transform="translate(555,201)"
      >
        <rect
          fill="rgb(116, 80, 149)"
          height="20"
          width="9"
        />
      </g>
      <g
        class="node"
        data-id="447"
        transform="translate(565,201)"
      >
        <rect
          fill="rgb(116, 80, 149)"
          height="20"
          width="9"
        />
      </g>
      <g
        class="node"
        data-id="173"
        transform="translate(575,201)"
      >
        <rect
          fill="rgb(116, 80, 149)"
          height="20"
          width="10"
        />
      </g>
      <g
        class="node"
        data-id="220"
        transform="translate(586,201)"
      >
        <rect
          fill="rgb(116, 80, 149)"
          height="20"
          width="10"
        />
      </g>
      <g
        class="node"
        data-id="465"
        transform="translate(597,201)"
      >
        <rect
          fill="rgb(116, 80, 149)"
          height="20"
          width="10"
        />
      </g>
      <g
        class="node"
        data-id="185"
        transform="translate(608,201)"
      >
        <rect
          fill="rgb(116, 80, 149)"
          height="20"
          width="10"
        />
      </g>
      <g
        class="node"
        data-id="308"
        transform="translate(619,201)"
      >
        <rect
          fill="rgb(116, 80, 149)"
          height="20"
          width="10"
        />
      </g>
      <g
        class="node"
        data-id="212"
        transform="translate(630,201)"
      >
        <rect
          fill="rgb(116, 80, 149)"
          height="20"
          width="11"
        />
      </g>
      <g
        class="node"
        data-id="471"
        transform="translate(642,201)"
      >
        <rect
          fill="rgb(116, 80, 149)"
          height="20"
          width="11"
        />
      </g>
      <g
        class="node"
        data-id="124"
        transform="translate(654,201)"
      >
        <rect
          fill="rgb(116, 80, 149)"
          height="20"
          width="12"
        />
      </g>
      <g
        class="node"
        data-id="129"
        transform="translate(667,201)"
      >
        <rect
          fill="rgb(116, 80, 149)"
          height="20"
          width="12"
        />
      </g>
      <g
        class="node"
        data-id="193"
        transform="translate(680,201)"
      >
        <rect
          fill="rgb(116, 80, 149)"
          height="20"
          width="12"
        />
      </g>
      <g
        class="node"
        data-id="177"
        transform="translate(693,201)"
      >
        <rect
          fill="rgb(116, 80, 149)"
          height="20"
          width="13"
        />
        <text
          dominant-baseline="middle"
          fill="#fff"
          font-size="0.8em"
          text-anchor="middle"
          transform="scale(1.00)"
          x="6.5"
          y="10"
        >
          pagetrace_off.go
        </text>
      </g>
      <g
        class="node"
        data-id="134"
        transform="translate(707,201)"
      >
        <rect
          fill="rgb(116, 80, 149)"
          height="20"
          width="15"
        />
        <text
          dominant-baseline="middle"
          fill="#fff"
          font-size="0.8em"
          text-anchor="middle"
          transform="scale(1.00)"
          x="7.5"
          y="10"
        >
          float.go
        </text>
      </g>
      <g
        class="node"
        data-id="131"
        transform="translate(723,201)"
      >
        <rect
          fill="rgb(116, 80, 149)"
          height="20"
          width="16"
        />
        <text
          dominant-baseline="middle"
          fill="#fff"
          font-size="0.8em"
          text-anchor="middle"
          transform="scale(1.00)"
          x="8"
          y="10"
        >
          exithook.go
        </text>
      </g>
      <g
        class="node"
        data-id="218"
        transform="translate(740,201)"
      >
        <rect
          fill="rgb(116, 80, 149)"
          height="20"
          width="16"
        />
        <text
          dominant-baseline="middle"
          fill="#fff"
          font-size="0.8em"
          text-anchor="middle"
          transform="scale(1.00)"
          x="8"
          y="10"
        >
          memclr_amd64.s
        </text>
      </g>
      <g
        class="node"
        data-id="229"
        transform="translate(775,201)"
      >
        <rect
          fill="rgb(116, 80, 149)"
          height="20"
          width="17"
        />
        <text
          dominant-baseline="middle"
          fill="#fff"
          font-size="0.8em"
          text-anchor="middle"
          transform="scale(1.00)"
          x="8.5"
          y="10"
        >
          mfixalloc.go
        </text>
      </g>
      <g
        class="node"
        data-id="125"
        transform="translate(793,201)"
      >
        <rect
          fill="rgb(116, 80, 149)"
          height="20"
          width="19"
        />
        <text
          dominant-baseline="middle"
          fill="#fff"
          font-size="0.8em"
          text-anchor="middle"
          transform="scale(1.00)"
          x="9.5"
          y="10"
        >
          cgocall.go
        </text>
      </g>
      <g
        class="node"
        data-id="382"
        transform="translate(813,201)"
      >
        <rect
          fill="rgb(116, 80, 149)"
          height="20"
          width="19"
        />
        <text
          dominant-baseline="middle"
          fill="#fff"
          font-size="0.8em"
          text-anchor="middle"
          transform="scale(1.00)"
          x="9.5"
          y="10"
        >
          m0
        </text>
      </g>
      <g
        class="node"
        data-id="123"
        transform="translate(833,201)"
      >
        <rect
          fill="rgb(116, 80, 149)"
          height="20"
          width="19"
        />
        <text
          dominant-baseline="middle"
          fill="#fff"
          font-size="0.8em"
          text-anchor="middle"
          transform="scale(1.00)"
          x="9.5"
          y="10"
        >
          cgo_mmap.go
        </text>
      </g>
      <g
        class="node"
        data-id="293"
        transform="translate(853,201)"
      >
        <rect
          fill="rgb(116, 80, 149)"
          height="20"
          width="19"
        />
        <text
          dominant-baseline="middle"
          fill="#fff"
          font-size="0.8em"
          text-anchor="middle"
          transform="scale(1.00)"
          x="9.5"
          y="10"
        >
          zeroVal
        </text>
      </g>
      <g
        class="node"
        data-id="355"
        transform="translate(873,201)"
      >
        <rect
          fill="rgb(116, 80, 149)"
          height="20"
          width="19"
        />
        <text
          dominant-baseline="middle"
          fill="#fff"
          font-size="0.8em"
          text-anchor="middle"
          transform="scale(1.00)"
          x="9.5"
          y="10"
        >
          auxvreadbuf
        </text>
      </g>
      <g
        class="node"
        data-id="233"
        transform="translate(893,201)"
      >
        <rect
          fill="rgb(116, 80, 149)"
          height="20"
          width="19"
        />
        <text
          dominant-baseline="middle"
          fill="#fff"
          font-size="0.8em"
          text-anchor="middle"
          transform="scale(1.00)"
          x="9.5"
          y="10"
        >
          pinner.go
        </text>
      </g>
      <g
        class="node"
        data-id="211"
        transform="translate(913,201)"
      >
        <rect
          fill="rgb(116, 80, 149)"
          height="20"
          width="21"
        />
        <text
          dominant-baseline="middle"
          fill="#fff"
          font-size="0.8em"
          text-anchor="middle"
          transform="scale(1.00)"
          x="10.5"
          y="10"
        >
          unsafe.go
        </text>
      </g>
      <g
        class="node"
        data-id="121"
        transform="translate(935,201)"
      >
        <rect
          fill="rgb(116, 80, 149)"
          height="20"
          width="21"
        />
        <text
          dominant-baseline="middle"
          fill="#fff"
          font-size="0.8em"
          text-anchor="middle"
          transform="scale(1.00)"
          x="10.5"
          y="10"
        >
          arena.go
        </text>
      </g>
      <g
        class="node"
        data-id="151"
        transform="translate(957,201)"
      >
        <rect
          fill="rgb(116, 80, 149)"
          height="20"
          width="21"
        />
        <text
          dominant-baseline="middle"
          fill="#fff"
          font-size="0.8em"
          text-anchor="middle"
          transform="scale(1.00)"
          x="10.5"
          y="10"
        >
          mfinal.go
        </text>
      </g>
      <g
        class="node"
        data-id="234"
        transform="translate(979,201)"
      >
        <rect
          fill="rgb(116, 80, 149)"
          height="20"
          width="21"
        />
        <text
          dominant-baseline="middle"
          fill="#fff"
          font-size="0.8em"
          text-anchor="middle"
          transform="scale(1.00)"
          x="10.5"
          y="10"
        >
          rwmutex.go
        </text>
      </g>
      <g
        class="node"
        data-id="145"
        transform="translate(1001,201)"
      >
        <rect
          fill="rgb(116, 80, 149)"
          height="20"
          width="23"
        />
        <text
          dominant-baseline="middle"
          fill="#fff"
          font-size="0.8em"
          text-anchor="middle"
          transform="scale(1.00)"
          x="11.5"
          y="10"
        >
          mbarrier.go
        </text>
      </g>
      <g
        class="node"
        data-id="148"
        transform="translate(474,222)"
      >
        <rect
          fill="rgb(116, 80, 149)"
          height="14"
          width="34"
        />
        <text
          dominant-baseline="middle"
          fill="#fff"
          font-size="0.8em"
          text-anchor="middle"
          transform="scale(1.00)"
          x="17"
          y="7"
        >
          mcheckmark.go
        </text>
      </g>
      <g
        class="node"
        data-id="189"
        transform="translate(474,237)"
      >
        <rect
          fill="rgb(116, 80, 149)"
          height="14"
          width="34"
        />
        <text
          dominant-baseline="middle"
          fill="#fff"
          font-size="0.8em"
          text-anchor="middle"
          transform="scale(1.00)"
          x="17"
          y="7"
        >
          security_unix.go
        </text>
      </g>
      <g
        class="node"
        data-id="169"
        transform="translate(474,252)"
      >
        <rect
          fill="rgb(116, 80, 149)"
          height="16"
          width="34"
        />
        <text
          dominant-baseline="middle"
          fill="#fff"
          font-size="0.8em"
          text-anchor="middle"
          transform="scale(1.00)"
          x="17"
          y="8"
        >
          netpoll.go
        </text>
      </g>
      <g
        class="node"
        data-id="198"
        transform="translate(474,269)"
      >
        <rect
          fill="rgb(116, 80, 149)"
          height="15"
          width="34"
        />
        <text
          dominant-baseline="middle"
          fill="#fff"
          font-size="0.8em"
          text-anchor="middle"
          transform="scale(1.00)"
          x="17"
          y="7.5"
        >
          stubs.go
        </text>
      </g>
      <g
        class="node"
        data-id="224"
        transform="translate(474,285)"
      >
        <rect
          fill="rgb(116, 80, 149)"
          height="16"
          width="34"
        />
        <text
          dominant-baseline="middle"
          fill="#fff"
          font-size="0.8em"
          text-anchor="middle"
          transform="scale(1.00)"
          x="17"
          y="8"
        >
          cpuprof.go
        </text>
      </g>
      <g
        class="node"
        data-id="137"
        transform="translate(474,302)"
      >
        <rect
          fill="rgb(116, 80, 149)"
          height="17"
          width="34"
        />
        <text
          dominant-baseline="middle"
          fill="#fff"
          font-size="0.8em"
          text-anchor="middle"
          transform="scale(1.00)"
          x="17"
          y="8.5"
        >
          lfstack.go
        </text>
      </g>
      <g
        class="node"
        data-id="217"
        transform="translate(474,320)"
      >
        <rect
          fill="rgb(116, 80, 149)"
          height="17"
          width="34"
        />
        <text
          dominant-baseline="middle"
          fill="#fff"
          font-size="0.8em"
          text-anchor="middle"
          transform="scale(1.00)"
          x="17"
          y="8.5"
        >
          duff_amd64.s
        </text>
      </g>
      <g
        class="node"
        data-id="457"
        transform="translate(474,338)"
      >
        <rect
          fill="rgb(116, 80, 149)"
          height="17"
          width="34"
        />
        <text
          dominant-baseline="middle"
          fill="#fff"
          font-size="0.8em"
          text-anchor="middle"
          transform="scale(1.00)"
          x="17"
          y="8.5"
        >
          sigtable
        </text>
      </g>
      <g
        class="node"
        data-id="201"
        transform="translate(474,356)"
      >
        <rect
          fill="rgb(116, 80, 149)"
          height="18"
          width="34"
        />
        <text
          dominant-baseline="middle"
          fill="#fff"
          font-size="0.8em"
          text-anchor="middle"
          transform="scale(1.00)"
          x="17"
          y="9"
        >
          symtabinl.go
        </text>
      </g>
      <g
        class="node"
        data-id="432"
        transform="translate(474,375)"
      >
        <rect
          fill="rgb(116, 80, 149)"
          height="19"
          width="34"
        />
        <text
          dominant-baseline="middle"
          fill="#fff"
          font-size="0.8em"
          text-anchor="middle"
          transform="scale(1.00)"
          x="17"
          y="9.5"
        >
          sched
        </text>
      </g>
      <g
        class="node"
        data-id="232"
        transform="translate(474,395)"
      >
        <rect
          fill="rgb(116, 80, 149)"
          height="19"
          width="34"
        />
        <text
          dominant-baseline="middle"
          fill="#fff"
          font-size="0.8em"
          text-anchor="middle"
          transform="scale(1.00)"
          x="17"
          y="9.5"
        >
          mstats.go
        </text>
      </g>
      <g
        class="node"
        data-id="149"
        transform="translate(474,415)"
      >
        <rect
          fill="rgb(116, 80, 149)"
          height="20"
          width="34"
        />
        <text
          dominant-baseline="middle"
          fill="#fff"
          font-size="0.8em"
          text-anchor="middle"
          transform="scale(1.00)"
          x="17"
          y="10"
        >
          mem.go
        </text>
      </g>
      <g
        class="node"
        data-id="139"
        transform="translate(474,436)"
      >
        <rect
          fill="rgb(116, 80, 149)"
          height="19"
          width="34"
        />
        <text
          dominant-baseline="middle"
          fill="#fff"
          font-size="0.8em"
          text-anchor="middle"
          transform="scale(1.00)"
          x="17"
          y="9.5"
        >
          lockrank_off.go
        </text>
      </g>
      <g
        class="node"
        data-id="167"
        transform="translate(474,456)"
      >
        <rect
          fill="rgb(116, 80, 149)"
          height="20"
          width="34"
        />
        <text
          dominant-baseline="middle"
          fill="#fff"
          font-size="0.8em"
          text-anchor="middle"
          transform="scale(1.00)"
          x="17"
          y="10"
        >
          mwbbuf.go
        </text>
      </g>
      <g
        class="node"
        data-id="170"
        transform="translate(474,477)"
      >
        <rect
          fill="rgb(116, 80, 149)"
          height="21"
          width="34"
        />
        <text
          dominant-baseline="middle"
          fill="#fff"
          font-size="0.8em"
          text-anchor="middle"
          transform="scale(1.00)"
          x="17"
          y="10.5"
        >
          netpoll_epoll.go
        </text>
      </g>
      <g
        class="node"
        data-id="219"
        transform="translate(474,499)"
      >
        <rect
          fill="rgb(116, 80, 149)"
          height="20"
          width="34"
        />
        <text
          dominant-baseline="middle"
          fill="#fff"
          font-size="0.8em"
          text-anchor="middle"
          transform="scale(1.00)"
          x="17"
          y="10"
        >
          memmove_amd64.s
        </text>
      </g>
      <g
        class="node"
        data-id="285"
        transform="translate(474,520)"
      >
        <rect
          fill="rgb(116, 80, 149)"
          height="23"
          width="34"
        />
        <text
          dominant-baseline="middle"
          fill="#fff"
          font-size="0.8em"
          text-anchor="middle"
          transform="scale(1.00)"
          x="17"
          y="11.5"
        >
          staticuint64s
        </text>
      </g>
      <g
        class="node"
        data-id="135"
        transform="translate(474,544)"
      >
        <rect
          fill="rgb(116, 80, 149)"
          height="24"
          width="34"
        />
        <text
          dominant-baseline="middle"
          fill="#fff"
          font-size="0.8em"
          text-anchor="middle"
          transform="scale(1.00)"
          x="17"
          y="12"
        >
          hash64.go
        </text>
      </g>
      <g
        class="node"
        data-id="187"
        transform="translate(474,569)"
      >
        <rect
          fill="rgb(116, 80, 149)"
          height="25"
          width="34"
        />
        <text
          dominant-baseline="middle"
          fill="#fff"
          font-size="0.8em"
          text-anchor="middle"
          transform="scale(1.00)"
          x="17"
          y="12.5"
        >
          runtime2.go
        </text>
      </g>
      <g
        class="node"
        data-id="157"
        transform="translate(474,595)"
      >
        <rect
          fill="rgb(116, 80, 149)"
          height="26"
          width="34"
        />
        <text
          dominant-baseline="middle"
          fill="#fff"
          font-size="0.8em"
          text-anchor="middle"
          transform="scale(1.00)"
          x="17"
          y="13"
        >
          mgcstack.go
        </text>
      </g>
      <g
        class="node"
        data-id="231"
        transform="translate(474,622)"
      >
        <rect
          fill="rgb(116, 80, 149)"
          height="26"
          width="34"
        />
        <text
          dominant-baseline="middle"
          fill="#fff"
          font-size="0.8em"
          text-anchor="middle"
          transform="scale(1.00)"
          x="17"
          y="13"
        >
          mpagecache.go
        </text>
      </g>
      <g
        class="node"
        data-id="194"
        transform="translate(474,649)"
      >
        <rect
          fill="rgb(116, 80, 149)"
          height="27"
          width="34"
        />
        <text
          dominant-baseline="middle"
          fill="#fff"
          font-size="0.8em"
          text-anchor="middle"
          transform="scale(1.00)"
          x="17"
          y="13.5"
        >
          slice.go
        </text>
      </g>
      <g
        class="node"
        data-id="228"
        transform="translate(474,677)"
      >
        <rect
          fill="rgb(116, 80, 149)"
          height="28"
          width="34"
        />
        <text
          dominant-baseline="middle"
          fill="#fff"
          font-size="0.8em"
          text-anchor="middle"
          transform="scale(1.00)"
          x="17"
          y="14"
        >
          mcentral.go
        </text>
      </g>
      <g
        class="node"
        data-id="191"
        transform="translate(474,706)"
      >
        <rect
          fill="rgb(116, 80, 149)"
          height="31"
          width="34"
        />
        <text
          dominant-baseline="middle"
          fill="#fff"
          font-size="0.8em"
          text-anchor="middle"
          transform="scale(1.00)"
          x="17"
          y="15.5"
        >
          signal_amd64.go
        </text>
      </g>
      <g
        class="node"
        data-id="150"
        transform="translate(474,738)"
      >
        <rect
          fill="rgb(116, 80, 149)"
          height="30"
          width="34"
        />
        <text
          dominant-baseline="middle"
          fill="#fff"
          font-size="0.8em"
          text-anchor="middle"
          transform="scale(1.00)"
          x="17"
          y="15"
        >
          mem_linux.go
        </text>
      </g>
      <g
        class="node"
        data-id="196"
        transform="translate(509,222)"
      >
        <rect
          fill="rgb(116, 80, 149)"
          height="49"
          width="24"
        />
        <text
          dominant-baseline="middle"
          fill="#fff"
          font-size="0.8em"
          text-anchor="middle"
          transform="scale(1.00)"
          x="12"
          y="24.5"
        >
          stkframe.go
        </text>
      </g>
      <g
        class="node"
        data-id="179"
        transform="translate(534,222)"
      >
        <rect
          fill="rgb(116, 80, 149)"
          height="49"
          width="25"
        />
        <text
          dominant-baseline="middle"
          fill="#fff"
          font-size="0.8em"
          text-anchor="middle"
          transform="scale(1.00)"
          x="12.5"
          y="24.5"
        >
          preempt.go
        </text>
      </g>
      <g
        class="node"
        data-id="143"
        transform="translate(560,222)"
      >
        <rect
          fill="rgb(116, 80, 149)"
          height="49"
          width="27"
        />
        <text
          dominant-baseline="middle"
          fill="#fff"
          font-size="0.8em"
          text-anchor="middle"
          transform="scale(1.00)"
          x="13.5"
          y="24.5"
        >
          map_fast64.go
        </text>
      </g>
      <g
        class="node"
        data-id="127"
        transform="translate(588,222)"
      >
        <rect
          fill="rgb(116, 80, 149)"
          height="49"
          width="27"
        />
        <text
          dominant-baseline="middle"
          fill="#fff"
          font-size="0.8em"
          text-anchor="middle"
          transform="scale(1.00)"
          x="13.5"
          y="24.5"
        >
          debugcall.go
        </text>
      </g>
      <g
        class="node"
        data-id="138"
        transform="translate(616,222)"
      >
        <rect
          fill="rgb(116, 80, 149)"
          height="49"
          width="28"
        />
        <text
          dominant-baseline="middle"
          fill="#fff"
          font-size="0.8em"
          text-anchor="middle"
          transform="scale(1.00)"
          x="14"
          y="24.5"
        >
          lock_futex.go
        </text>
      </g>
      <g
        class="node"
        data-id="147"
        transform="translate(645,222)"
      >
        <rect
          fill="rgb(116, 80, 149)"
          height="49"
          width="27"
        />
        <text
          dominant-baseline="middle"
          fill="#fff"
          font-size="0.8em"
          text-anchor="middle"
          transform="scale(1.00)"
          x="13.5"
          y="24.5"
        >
          mcache.go
        </text>
      </g>
      <g
        class="node"
        data-id="230"
        transform="translate(673,222)"
      >
        <rect
          fill="rgb(116, 80, 149)"
          height="49"
          width="29"
        />
        <text
          dominant-baseline="middle"
          fill="#fff"
          font-size="0.8em"
          text-anchor="middle"
          transform="scale(1.00)"
          x="14.5"
          y="24.5"
        >
          mpagealloc_64bit.go
        </text>
      </g>
      <g
        class="node"
        data-id="142"
        transform="translate(703,222)"
      >
        <rect
          fill="rgb(116, 80, 149)"
          height="49"
          width="31"
        />
        <text
          dominant-baseline="middle"
          fill="#fff"
          font-size="0.8em"
          text-anchor="middle"
          transform="scale(1.00)"
          x="15.5"
          y="24.5"
        >
          map_fast32.go
        </text>
      </g>
      <g
        class="node"
        data-id="213"
        transform="translate(735,222)"
      >
        <rect
          fill="rgb(116, 80, 149)"
          height="49"
          width="31"
        />
        <text
          dominant-baseline="middle"
          fill="#fff"
          font-size="0.8em"
          text-anchor="middle"
          transform="scale(1.00)"
          x="15.5"
          y="24.5"
        >
          vdso_linux.go
        </text>
      </g>
      <g
        class="node"
        data-id="274"
        transform="translate(767,222)"
      >
        <rect
          fill="rgb(116, 80, 149)"
          height="49"
          width="32"
        />
        <text
          dominant-baseline="middle"
          fill="#fff"
          font-size="0.8em"
          text-anchor="middle"
          transform="scale(1.00)"
          x="16"
          y="24.5"
        >
          itabTableInit
        </text>
      </g>
      <g
        class="node"
        data-id="183"
        transform="translate(800,222)"
      >
        <rect
          fill="rgb(116, 80, 149)"
          height="49"
          width="33"
        />
        <text
          dominant-baseline="middle"
          fill="#fff"
          font-size="0.8em"
          text-anchor="middle"
          transform="scale(1.00)"
          x="16.5"
          y="24.5"
        >
          profbuf.go
        </text>
      </g>
      <g
        class="node"
        data-id="235"
        transform="translate(834,222)"
      >
        <rect
          fill="rgb(116, 80, 149)"
          height="49"
          width="35"
        />
        <text
          dominant-baseline="middle"
          fill="#fff"
          font-size="0.8em"
          text-anchor="middle"
          transform="scale(1.00)"
          x="17.5"
          y="24.5"
        >
          signal_linux_amd64.go
        </text>
      </g>
      <g
        class="node"
        data-id="120"
        transform="translate(870,222)"
      >
        <rect
          fill="rgb(116, 80, 149)"
          height="49"
          width="36"
        />
        <text
          dominant-baseline="middle"
          fill="#fff"
          font-size="0.8em"
          text-anchor="middle"
          transform="scale(1.00)"
          x="18"
          y="24.5"
        >
          alg.go
        </text>
      </g>
      <g
        class="node"
        data-id="166"
        transform="translate(907,222)"
      >
        <rect
          fill="rgb(116, 80, 149)"
          height="49"
          width="36"
        />
        <text
          dominant-baseline="middle"
          fill="#fff"
          font-size="0.8em"
          text-anchor="middle"
          transform="scale(1.00)"
          x="18"
          y="24.5"
        >
          mspanset.go
        </text>
      </g>
      <g
        class="node"
        data-id="153"
        transform="translate(944,222)"
      >
        <rect
          fill="rgb(116, 80, 149)"
          height="49"
          width="39"
        />
        <text
          dominant-baseline="middle"
          fill="#fff"
          font-size="0.8em"
          text-anchor="middle"
          transform="scale(1.00)"
          x="19.5"
          y="24.5"
        >
          mgclimit.go
        </text>
      </g>
      <g
        class="node"
        data-id="190"
        transform="translate(984,222)"
      >
        <rect
          fill="rgb(116, 80, 149)"
          height="49"
          width="40"
        />
        <text
          dominant-baseline="middle"
          fill="#fff"
          font-size="0.8em"
          text-anchor="middle"
          transform="scale(1.00)"
          x="20"
          y="24.5"
        >
          sema.go
        </text>
      </g>
      <g
        class="node"
        data-id="186"
        transform="translate(509,272)"
      >
        <rect
          fill="rgb(116, 80, 149)"
          height="32"
          width="65"
        />
        <text
          dominant-baseline="middle"
          fill="#fff"
          font-size="0.8em"
          text-anchor="middle"
          transform="scale(1.00)"
          x="32.5"
          y="16"
        >
          runtime1.go
        </text>
      </g>
      <g
        class="node"
        data-id="181"
        transform="translate(509,305)"
      >
        <rect
          fill="rgb(116, 80, 149)"
          height="32"
          width="65"
        />
        <text
          dominant-baseline="middle"
          fill="#fff"
          font-size="0.8em"
          text-anchor="middle"
          transform="scale(1.00)"
          x="32.5"
          y="16"
        >
          print.go
        </text>
      </g>
      <g
        class="node"
        data-id="159"
        transform="translate(509,338)"
      >
        <rect
          fill="rgb(116, 80, 149)"
          height="34"
          width="65"
        />
        <text
          dominant-baseline="middle"
          fill="#fff"
          font-size="0.8em"
          text-anchor="middle"
          transform="scale(1.00)"
          x="32.5"
          y="17"
        >
          mgcwork.go
        </text>
      </g>
      <g
        class="node"
        data-id="136"
        transform="translate(509,373)"
      >
        <rect
          fill="rgb(116, 80, 149)"
          height="34"
          width="65"
        />
        <text
          dominant-baseline="middle"
          fill="#fff"
          font-size="0.8em"
          text-anchor="middle"
          transform="scale(1.00)"
          x="32.5"
          y="17"
        >
          iface.go
        </text>
      </g>
      <g
        class="node"
        data-id="197"
        transform="translate(509,408)"
      >
        <rect
          fill="rgb(116, 80, 149)"
          height="36"
          width="65"
        />
        <text
          dominant-baseline="middle"
          fill="#fff"
          font-size="0.8em"
          text-anchor="middle"
          transform="scale(1.00)"
          x="32.5"
          y="18"
        >
          string.go
        </text>
      </g>
      <g
        class="node"
        data-id="164"
        transform="translate(509,445)"
      >
        <rect
          fill="rgb(116, 80, 149)"
          height="36"
          width="65"
        />
        <text
          dominant-baseline="middle"
          fill="#fff"
          font-size="0.8em"
          text-anchor="middle"
          transform="scale(1.00)"
          x="32.5"
          y="18"
        >
          mranges.go
        </text>
      </g>
      <g
        class="node"
        data-id="144"
        transform="translate(509,482)"
      >
        <rect
          fill="rgb(116, 80, 149)"
          height="37"
          width="65"
        />
        <text
          dominant-baseline="middle"
          fill="#fff"
          font-size="0.8em"
          text-anchor="middle"
          transform="scale(1.00)"
          x="32.5"
          y="18.5"
        >
          map_faststr.go
        </text>
      </g>
      <g
        class="node"
        data-id="162"
        transform="translate(509,520)"
      >
        <rect
          fill="rgb(116, 80, 149)"
          height="38"
          width="65"
        />
        <text
          dominant-baseline="middle"
          fill="#fff"
          font-size="0.8em"
          text-anchor="middle"
          transform="scale(1.00)"
          x="32.5"
          y="19"
        >
          mpallocbits.go
        </text>
      </g>
      <g
        class="node"
        data-id="221"
        transform="translate(509,559)"
      >
        <rect
          fill="rgb(116, 80, 149)"
          height="38"
          width="65"
        />
        <text
          dominant-baseline="middle"
          fill="#fff"
          font-size="0.8em"
          text-anchor="middle"
          transform="scale(1.00)"
          x="32.5"
          y="19"
        >
          sys_linux_amd64.s
        </text>
      </g>
      <g
        class="node"
        data-id="222"
        transform="translate(509,638)"
      >
        <rect
          fill="rgb(116, 80, 149)"
          height="38"
          width="65"
        />
        <text
          dominant-baseline="middle"
          fill="#fff"
          font-size="0.8em"
          text-anchor="middle"
          transform="scale(1.00)"
          x="32.5"
          y="19"
        >
          &lt;autogenerated&gt;
        </text>
      </g>
      <g
        class="node"
        data-id="130"
        transform="translate(509,677)"
      >
        <rect
          fill="rgb(116, 80, 149)"
          height="45"
          width="65"
        />
        <text
          dominant-baseline="middle"
          fill="#fff"
          font-size="0.8em"
          text-anchor="middle"
          transform="scale(1.00)"
          x="32.5"
          y="22.5"
        >
          error.go
        </text>
      </g>
      <g
        class="node"
        data-id="126"
        transform="translate(509,723)"
      >
        <rect
          fill="rgb(116, 80, 149)"
          height="45"
          width="65"
        />
        <text
          dominant-baseline="middle"
          fill="#fff"
          font-size="0.8em"
          text-anchor="middle"
          transform="scale(1.00)"
          x="32.5"
          y="22.5"
        >
          chan.go
        </text>
      </g>
      <g
        class="node"
        data-id="260"
        transform="translate(575,272)"
      >
        <rect
          fill="rgb(116, 80, 149)"
          height="76"
          width="42"
        />
        <text
          dominant-baseline="middle"
          fill="#fff"
          font-size="0.8em"
          text-anchor="middle"
          transform="scale(1.00)"
          x="21"
          y="38"
        >
          cpuprof
        </text>
      </g>
      <g
        class="node"
        data-id="209"
        transform="translate(618,272)"
      >
        <rect
          fill="rgb(116, 80, 149)"
          height="76"
          width="44"
        />
        <text
          dominant-baseline="middle"
          fill="#fff"
          font-size="0.8em"
          text-anchor="middle"
          transform="scale(1.00)"
          x="22"
          y="38"
        >
          type.go
        </text>
      </g>
      <g
        class="node"
        data-id="342"
        transform="translate(663,272)"
      >
        <rect
          fill="rgb(116, 80, 149)"
          height="76"
          width="46"
        />
        <text
          dominant-baseline="middle"
          fill="#fff"
          font-size="0.8em"
          text-anchor="middle"
          transform="scale(1.00)"
          x="23"
          y="38"
        >
          memstats
        </text>
      </g>
      <g
        class="node"
        data-id="216"
        transform="translate(710,272)"
      >
        <rect
          fill="rgb(116, 80, 149)"
          height="76"
          width="49"
        />
        <text
          dominant-baseline="middle"
          fill="#fff"
          font-size="0.8em"
          text-anchor="middle"
          transform="scale(1.00)"
          x="24.5"
          y="38"
        >
          asm_amd64.s
        </text>
      </g>
      <g
        class="node"
        data-id="172"
        transform="translate(760,272)"
      >
        <rect
          fill="rgb(116, 80, 149)"
          height="76"
          width="50"
        />
        <text
          dominant-baseline="middle"
          fill="#fff"
          font-size="0.8em"
          text-anchor="middle"
          transform="scale(1.00)"
          x="25"
          y="38"
        >
          os_linux.go
        </text>
      </g>
      <g
        class="node"
        data-id="163"
        transform="translate(811,272)"
      >
        <rect
          fill="rgb(116, 80, 149)"
          height="76"
          width="52"
        />
        <text
          dominant-baseline="middle"
          fill="#fff"
          font-size="0.8em"
          text-anchor="middle"
          transform="scale(1.00)"
          x="26"
          y="38"
        >
          mprof.go
        </text>
      </g>
      <g
        class="node"
        data-id="140"
        transform="translate(864,272)"
      >
        <rect
          fill="rgb(116, 80, 149)"
          height="76"
          width="52"
        />
        <text
          dominant-baseline="middle"
          fill="#fff"
          font-size="0.8em"
          text-anchor="middle"
          transform="scale(1.00)"
          x="26"
          y="38"
        >
          malloc.go
        </text>
      </g>
      <g
        class="node"
        data-id="204"
        transform="translate(917,272)"
      >
        <rect
          fill="rgb(116, 80, 149)"
          height="76"
          width="52"
        />
        <text
          dominant-baseline="middle"
          fill="#fff"
          font-size="0.8em"
          text-anchor="middle"
          transform="scale(1.00)"
          x="26"
          y="38"
        >
          time.go
        </text>
      </g>
      <g
        class="node"
        data-id="141"
        transform="translate(970,272)"
      >
        <rect
          fill="rgb(116, 80, 149)"
          height="76"
          width="54"
        />
        <text
          dominant-baseline="middle"
          fill="#fff"
          font-size="0.8em"
          text-anchor="middle"
          transform="scale(1.00)"
          x="27"
          y="38"
        >
          map.go
        </text>
      </g>
      <g
        class="node"
        data-id="158"
        transform="translate(575,349)"
      >
        <rect
          fill="rgb(116, 80, 149)"
          height="49"
          width="88"
        />
        <text
          dominant-baseline="middle"
          fill="#fff"
          font-size="0.8em"
          text-anchor="middle"
          transform="scale(1.00)"
          x="44"
          y="24.5"
        >
          mgcsweep.go
        </text>
      </g>
      <g
        class="node"
        data-id="155"
        transform="translate(575,399)"
      >
        <rect
          fill="rgb(116, 80, 149)"
          height="50"
          width="88"
        />
        <text
          dominant-baseline="middle"
          fill="#fff"
          font-size="0.8em"
          text-anchor="middle"
          transform="scale(1.00)"
          x="44"
          y="25"
        >
          mgcpacer.go
        </text>
      </g>
      <g
        class="node"
        data-id="192"
        transform="translate(575,450)"
      >
        <rect
          fill="rgb(116, 80, 149)"
          height="53"
          width="88"
        />
        <text
          dominant-baseline="middle"
          fill="#fff"
          font-size="0.8em"
          text-anchor="middle"
          transform="scale(1.00)"
          x="44"
          y="26.5"
        >
          signal_unix.go
        </text>
      </g>
      <g
        class="node"
        data-id="161"
        transform="translate(575,504)"
      >
        <rect
          fill="rgb(116, 80, 149)"
          height="60"
          width="88"
        />
        <text
          dominant-baseline="middle"
          fill="#fff"
          font-size="0.8em"
          text-anchor="middle"
          transform="scale(1.00)"
          x="44"
          y="30"
        >
          mpagealloc.go
        </text>
      </g>
      <g
        class="node"
        data-id="146"
        transform="translate(575,565)"
      >
        <rect
          fill="rgb(116, 80, 149)"
          height="66"
          width="88"
        />
        <text
          dominant-baseline="middle"
          fill="#fff"
          font-size="0.8em"
          text-anchor="middle"
          transform="scale(1.00)"
          x="44"
          y="33"
        >
          mbitmap.go
        </text>
      </g>
      <g
        class="node"
        data-id="156"
        transform="translate(575,632)"
      >
        <rect
          fill="rgb(116, 80, 149)"
          height="67"
          width="88"
        />
        <text
          dominant-baseline="middle"
          fill="#fff"
          font-size="0.8em"
          text-anchor="middle"
          transform="scale(1.00)"
          x="44"
          y="33.5"
        >
          mgcscavenge.go
        </text>
      </g>
      <g
        class="node"
        data-id="195"
        transform="translate(575,700)"
      >
        <rect
          fill="rgb(116, 80, 149)"
          height="68"
          width="88"
        />
        <text
          dominant-baseline="middle"
          fill="#fff"
          font-size="0.8em"
          text-anchor="middle"
          transform="scale(1.00)"
          x="44"
          y="34"
        >
          stack.go
        </text>
      </g>
      <g
        class="node"
        data-id="200"
        transform="translate(664,349)"
      >
        <rect
          fill="rgb(116, 80, 149)"
          height="108"
          width="55"
        />
        <text
          dominant-baseline="middle"
          fill="#fff"
          font-size="0.8em"
          text-anchor="middle"
          transform="scale(1.00)"
          x="27.5"
          y="54"
        >
          symtab.go
        </text>
      </g>
      <g
        class="node"
        data-id="207"
        transform="translate(720,349)"
      >
        <rect
          fill="rgb(116, 80, 149)"
          height="108"
          width="57"
        />
        <text
          dominant-baseline="middle"
          fill="#fff"
          font-size="0.8em"
          text-anchor="middle"
          transform="scale(1.00)"
          x="28.5"
          y="54"
        >
          trace.go
        </text>
      </g>
      <g
        class="node"
        data-id="152"
        transform="translate(778,349)"
      >
        <rect
          fill="rgb(116, 80, 149)"
          height="108"
          width="58"
        />
        <text
          dominant-baseline="middle"
          fill="#fff"
          font-size="0.8em"
          text-anchor="middle"
          transform="scale(1.00)"
          x="29"
          y="54"
        >
          mgc.go
        </text>
      </g>
      <g
        class="node"
        data-id="446"
        transform="translate(837,349)"
      >
        <rect
          fill="rgb(116, 80, 149)"
          height="108"
          width="58"
        />
        <text
          dominant-baseline="middle"
          fill="#fff"
          font-size="0.8em"
          text-anchor="middle"
          transform="scale(1.00)"
          x="29"
          y="54"
        >
          semtable
        </text>
      </g>
      <g
        class="node"
        data-id="154"
        transform="translate(896,349)"
      >
        <rect
          fill="rgb(116, 80, 149)"
          height="108"
          width="62"
        />
        <text
          dominant-baseline="middle"
          fill="#fff"
          font-size="0.8em"
          text-anchor="middle"
          transform="scale(1.00)"
          x="31"
          y="54"
        >
          mgcmark.go
        </text>
      </g>
      <g
        class="node"
        data-id="178"
        transform="translate(959,349)"
      >
        <rect
          fill="rgb(116, 80, 149)"
          height="108"
          width="65"
        />
        <text
          dominant-baseline="middle"
          fill="#fff"
          font-size="0.8em"
          text-anchor="middle"
          transform="scale(1.00)"
          x="32.5"
          y="54"
        >
          panic.go
        </text>
      </g>
      <g
        class="node"
        data-id="160"
        transform="translate(664,458)"
      >
        <rect
          fill="rgb(116, 80, 149)"
          height="57"
          width="137"
        />
        <text
          dominant-baseline="middle"
          fill="#fff"
          font-size="0.8em"
          text-anchor="middle"
          transform="scale(1.00)"
          x="68.5"
          y="28.5"
        >
          mheap.go
        </text>
      </g>
      <g
        class="node"
        data-id="208"
        transform="translate(664,516)"
      >
        <rect
          fill="rgb(116, 80, 149)"
          height="60"
          width="137"
        />
        <text
          dominant-baseline="middle"
          fill="#fff"
          font-size="0.8em"
          text-anchor="middle"
          transform="scale(1.00)"
          x="68.5"
          y="30"
        >
          traceback.go
        </text>
      </g>
      <g
        class="node"
        data-id="475"
        transform="translate(664,577)"
      >
        <rect
          fill="rgb(116, 80, 149)"
          height="191"
          width="137"
        />
        <text
          dominant-baseline="middle"
          fill="#fff"
          font-size="0.8em"
          text-anchor="middle"
          transform="scale(1.00)"
          x="68.5"
          y="95.5"
        >
          trace
        </text>
      </g>
      <g
        class="node"
        data-id="182"
        transform="translate(802,458)"
      >
        <rect
          fill="rgb(116, 80, 149)"
          height="310"
          width="101"
        />
        <text
          dominant-baseline="middle"
          fill="#fff"
          font-size="0.8em"
          text-anchor="middle"
          transform="scale(1.00)"
          x="50.5"
          y="155"
        >
          proc.go
        </text>
      </g>
      <g
        class="node"
        data-id="318"
        transform="translate(904,458)"
      >
        <rect
          fill="rgb(116, 80, 149)"
          height="310"
          width="120"
        />
        <text
          dominant-baseline="middle"
          fill="#fff"
          font-size="0.8em"
          text-anchor="middle"
          transform="scale(1.00)"
          x="60"
          y="155"
        >
          mheap_
        </text>
      </g>
      <g
        class="node"
        data-id="239"
        transform="translate(509,618)"
      >
        <rect
          fill="rgb(77, 54, 99)"
          height="19"
          width="2"
        />
      </g>
      <g
        class="node"
        data-id="240"
        transform="translate(512,618)"
      >
        <rect
          fill="rgb(77, 54, 99)"
          height="19"
          width="62"
        />
        <text
          dominant-baseline="middle"
          fill="#fff"
          font-size="0.8em"
          text-anchor="middle"
          transform="scale(1.00)"
          x="31"
          y="9.5"
        >
          types.go
        </text>
      </g>
    </g>
  </svg>
</div>
`;
