// Vitest Snapshot v1, https://vitest.dev/guide/snapshot.html

exports[`treeMap > render snapshot 1`] = `
<div>
  <svg
    id="treemap-svg"
    viewBox="0 0 1024 768"
    xmlns="http://www.w3.org/2000/svg"
  >
    <g
      class="layer"
    >
      <g
        class="node"
        data-id="1"
        transform="translate(0,0)"
      >
        <rect
          fill="rgb(230, 230, 230)"
          height="768"
          width="1024"
        />
        <text
          dominant-baseline="middle"
          fill="#000"
          font-size="0.8em"
          text-anchor="middle"
          x="512"
          y="10.5"
        >
          bin-linux-1.21-amd64
        </text>
      </g>
    </g>
    <g
      class="layer"
    >
      <g
        class="node"
        data-id="590"
        transform="translate(261,229)"
      >
        <rect
          fill="rgb(210, 172, 210)"
          height="539"
          width="763"
        />
        <text
          dominant-baseline="middle"
          fill="#000"
          font-size="0.8em"
          text-anchor="middle"
          x="381.5"
          y="10.5"
        >
          Std Packages Size
        </text>
      </g>
    </g>
    <g
      class="layer"
    >
      <g
        class="node"
        data-id="33"
        transform="translate(0,20)"
      >
        <rect
          fill="rgb(210, 172, 172)"
          height="29"
          width="260"
        />
        <text
          dominant-baseline="middle"
          fill="#000"
          font-size="0.8em"
          text-anchor="middle"
          x="130"
          y="10.5"
        >
          Generated Packages Size
        </text>
      </g>
      <g
        class="node"
        data-id="624"
        transform="translate(0,50)"
      >
        <rect
          fill="rgb(210, 210, 172)"
          height="31"
          width="260"
        />
        <text
          dominant-baseline="middle"
          fill="#000"
          font-size="0.8em"
          text-anchor="middle"
          x="130"
          y="10.5"
        >
          Main Packages Size
        </text>
      </g>
      <g
        class="node"
        data-id="98"
        transform="translate(261,257)"
      >
        <rect
          fill="rgb(183, 123, 183)"
          height="5"
          width="26"
        />
      </g>
      <g
        class="node"
        data-id="573"
        transform="translate(261,320)"
      >
        <rect
          fill="rgb(183, 123, 183)"
          height="38"
          width="26"
        />
        <text
          dominant-baseline="middle"
          fill="#000"
          font-size="0.8em"
          text-anchor="middle"
          x="13"
          y="10.5"
        >
          unicode
        </text>
      </g>
      <g
        class="node"
        data-id="76"
        transform="translate(261,650)"
      >
        <rect
          fill="rgb(183, 123, 183)"
          height="118"
          width="26"
        />
        <text
          dominant-baseline="middle"
          fill="#000"
          font-size="0.8em"
          text-anchor="middle"
          x="13"
          y="10.5"
        >
          io
        </text>
      </g>
      <g
        class="node"
        data-id="501"
        transform="translate(288,280)"
      >
        <rect
          fill="rgb(183, 123, 183)"
          height="34"
          width="112"
        />
        <text
          dominant-baseline="middle"
          fill="#000"
          font-size="0.8em"
          text-anchor="middle"
          x="56"
          y="10.5"
        >
          sync
        </text>
      </g>
      <g
        class="node"
        data-id="119"
        transform="translate(401,249)"
      >
        <rect
          fill="rgb(183, 123, 183)"
          height="519"
          width="623"
        />
        <text
          dominant-baseline="middle"
          fill="#000"
          font-size="0.8em"
          text-anchor="middle"
          x="311.5"
          y="10.5"
        >
          runtime
        </text>
      </g>
    </g>
    <g
      class="layer"
    >
      <g
        class="node"
        data-id="25"
        transform="translate(0,82)"
      >
        <rect
          fill="rgb(172, 210, 172)"
          height="197"
          width="260"
        />
        <text
          dominant-baseline="middle"
          fill="#000"
          font-size="0.8em"
          text-anchor="middle"
          x="130"
          y="10.5"
        >
          Linker Metadata Size
        </text>
      </g>
      <g
        class="node"
        data-id="23"
        transform="translate(0,280)"
      >
        <rect
          fill="rgb(172, 210, 210)"
          height="488"
          width="260"
        />
        <text
          dominant-baseline="middle"
          fill="#000"
          font-size="0.8em"
          text-anchor="middle"
          x="130"
          y="10.5"
        >
          Unknown Sections Size
        </text>
      </g>
      <g
        class="node"
        data-id="24"
        transform="translate(261,20)"
      >
        <rect
          fill="rgb(172, 172, 210)"
          height="208"
          width="763"
        />
        <text
          dominant-baseline="middle"
          fill="#000"
          font-size="0.8em"
          text-anchor="middle"
          x="381.5"
          y="10.5"
        >
          Debug Sections Size
        </text>
      </g>
      <g
        class="node"
        data-id="26"
        transform="translate(0,40)"
      >
        <rect
          fill="rgb(183, 123, 123)"
          height="9"
          width="260"
        />
      </g>
      <g
        class="node"
        data-id="591"
        transform="translate(0,70)"
      >
        <rect
          fill="rgb(183, 183, 123)"
          height="11"
          width="260"
        />
      </g>
      <g
        class="node"
        data-id="103"
        transform="translate(261,251)"
      >
        <rect
          fill="rgb(183, 123, 183)"
          height="2"
          width="26"
        />
      </g>
      <g
        class="node"
        data-id="105"
        transform="translate(261,254)"
      >
        <rect
          fill="rgb(183, 123, 183)"
          height="2"
          width="26"
        />
      </g>
      <g
        class="node"
        data-id="63"
        transform="translate(261,263)"
      >
        <rect
          fill="rgb(183, 123, 183)"
          height="8"
          width="26"
        />
      </g>
      <g
        class="node"
        data-id="61"
        transform="translate(261,272)"
      >
        <rect
          fill="rgb(183, 123, 183)"
          height="11"
          width="26"
        />
      </g>
      <g
        class="node"
        data-id="37"
        transform="translate(261,284)"
      >
        <rect
          fill="rgb(183, 123, 183)"
          height="12"
          width="26"
        />
      </g>
      <g
        class="node"
        data-id="46"
        transform="translate(261,297)"
      >
        <rect
          fill="rgb(183, 123, 183)"
          height="22"
          width="26"
        />
        <text
          dominant-baseline="middle"
          fill="#000"
          font-size="0.8em"
          text-anchor="middle"
          x="13"
          y="10.5"
        >
          internal/bytealg
        </text>
      </g>
      <g
        class="node"
        data-id="72"
        transform="translate(261,359)"
      >
        <rect
          fill="rgb(183, 123, 183)"
          height="60"
          width="26"
        />
        <text
          dominant-baseline="middle"
          fill="#000"
          font-size="0.8em"
          text-anchor="middle"
          x="13"
          y="10.5"
        >
          internal/reflectlite
        </text>
      </g>
      <g
        class="node"
        data-id="496"
        transform="translate(261,420)"
      >
        <rect
          fill="rgb(183, 123, 183)"
          height="61"
          width="26"
        />
        <text
          dominant-baseline="middle"
          fill="#000"
          font-size="0.8em"
          text-anchor="middle"
          x="13"
          y="10.5"
        >
          strconv
        </text>
      </g>
      <g
        class="node"
        data-id="52"
        transform="translate(261,482)"
      >
        <rect
          fill="rgb(183, 123, 183)"
          height="73"
          width="26"
        />
        <text
          dominant-baseline="middle"
          fill="#000"
          font-size="0.8em"
          text-anchor="middle"
          x="13"
          y="10.5"
        >
          internal/cpu
        </text>
      </g>
      <g
        class="node"
        data-id="41"
        transform="translate(261,556)"
      >
        <rect
          fill="rgb(183, 123, 183)"
          height="93"
          width="26"
        />
        <text
          dominant-baseline="middle"
          fill="#000"
          font-size="0.8em"
          text-anchor="middle"
          x="13"
          y="10.5"
        >
          internal/abi
        </text>
      </g>
      <g
        class="node"
        data-id="34"
        transform="translate(288,249)"
      >
        <rect
          fill="rgb(183, 123, 183)"
          height="30"
          width="112"
        />
        <text
          dominant-baseline="middle"
          fill="#000"
          font-size="0.8em"
          text-anchor="middle"
          x="56"
          y="10.5"
        >
          embed
        </text>
      </g>
      <g
        class="node"
        data-id="524"
        transform="translate(288,315)"
      >
        <rect
          fill="rgb(183, 123, 183)"
          height="45"
          width="112"
        />
        <text
          dominant-baseline="middle"
          fill="#000"
          font-size="0.8em"
          text-anchor="middle"
          x="56"
          y="10.5"
        >
          syscall
        </text>
      </g>
      <g
        class="node"
        data-id="108"
        transform="translate(288,361)"
      >
        <rect
          fill="rgb(183, 123, 183)"
          height="91"
          width="112"
        />
        <text
          dominant-baseline="middle"
          fill="#000"
          font-size="0.8em"
          text-anchor="middle"
          x="56"
          y="10.5"
        >
          reflect
        </text>
      </g>
      <g
        class="node"
        data-id="545"
        transform="translate(288,453)"
      >
        <rect
          fill="rgb(183, 123, 183)"
          height="315"
          width="112"
        />
        <text
          dominant-baseline="middle"
          fill="#000"
          font-size="0.8em"
          text-anchor="middle"
          x="56"
          y="10.5"
        >
          time
        </text>
      </g>
      <g
        class="node"
        data-id="575"
        transform="translate(262,348)"
      >
        <rect
          fill="rgb(149, 80, 149)"
          height="10"
          width="25"
        />
      </g>
      <g
        class="node"
        data-id="78"
        transform="translate(261,681)"
      >
        <rect
          fill="rgb(149, 80, 149)"
          height="87"
          width="26"
        />
        <text
          dominant-baseline="middle"
          fill="#fff"
          font-size="0.8em"
          text-anchor="middle"
          x="13"
          y="10.5"
        >
          fs
        </text>
      </g>
      <g
        class="node"
        data-id="514"
        transform="translate(378,300)"
      >
        <rect
          fill="rgb(149, 80, 149)"
          height="14"
          width="22"
        />
        <text
          dominant-baseline="middle"
          fill="#fff"
          font-size="0.8em"
          text-anchor="middle"
          x="11"
          y="7"
        >
          atomic
        </text>
      </g>
      <g
        class="node"
        data-id="243"
        transform="translate(410,283)"
      >
        <rect
          fill="rgb(149, 80, 149)"
          height="7"
          width="19"
        />
      </g>
      <g
        class="node"
        data-id="238"
        transform="translate(410,299)"
      >
        <rect
          fill="rgb(149, 80, 149)"
          height="6"
          width="19"
        />
      </g>
      <g
        class="node"
        data-id="245"
        transform="translate(410,549)"
      >
        <rect
          fill="rgb(149, 80, 149)"
          height="17"
          width="19"
        />
        <text
          dominant-baseline="middle"
          fill="#fff"
          font-size="0.8em"
          text-anchor="middle"
          x="9.5"
          y="8.5"
        >
          internal/syscall
        </text>
      </g>
      <g
        class="node"
        data-id="240"
        transform="translate(508,726)"
      >
        <rect
          fill="rgb(149, 80, 149)"
          height="42"
          width="59"
        />
        <text
          dominant-baseline="middle"
          fill="#fff"
          font-size="0.8em"
          text-anchor="middle"
          x="29.5"
          y="10.5"
        >
          internal/atomic
        </text>
      </g>
    </g>
    <g
      class="layer"
    >
      <g
        class="node"
        data-id="20"
        transform="translate(0,102)"
      >
        <rect
          fill="rgb(123, 183, 123)"
          height="86"
          width="260"
        />
        <text
          dominant-baseline="middle"
          fill="#000"
          font-size="0.8em"
          text-anchor="middle"
          x="130"
          y="43"
        >
          .symtab
        </text>
      </g>
      <g
        class="node"
        data-id="19"
        transform="translate(0,189)"
      >
        <rect
          fill="rgb(123, 183, 123)"
          height="90"
          width="260"
        />
        <text
          dominant-baseline="middle"
          fill="#000"
          font-size="0.8em"
          text-anchor="middle"
          x="130"
          y="45"
        >
          .strtab
        </text>
      </g>
      <g
        class="node"
        data-id="13"
        transform="translate(0,300)"
      >
        <rect
          fill="rgb(123, 183, 183)"
          height="6"
          width="4"
        />
      </g>
      <g
        class="node"
        data-id="16"
        transform="translate(5,300)"
      >
        <rect
          fill="rgb(123, 183, 183)"
          height="6"
          width="5"
        />
      </g>
      <g
        class="node"
        data-id="18"
        transform="translate(11,300)"
      >
        <rect
          fill="rgb(123, 183, 183)"
          height="6"
          width="14"
        />
      </g>
      <g
        class="node"
        data-id="11"
        transform="translate(26,300)"
      >
        <rect
          fill="rgb(123, 183, 183)"
          height="6"
          width="16"
        />
      </g>
      <g
        class="node"
        data-id="22"
        transform="translate(43,300)"
      >
        <rect
          fill="rgb(123, 183, 183)"
          height="6"
          width="71"
        />
      </g>
      <g
        class="node"
        data-id="15"
        transform="translate(115,300)"
      >
        <rect
          fill="rgb(123, 183, 183)"
          height="6"
          width="145"
        />
      </g>
      <g
        class="node"
        data-id="3"
        transform="translate(0,307)"
      >
        <rect
          fill="rgb(123, 183, 183)"
          height="232"
          width="8"
        />
      </g>
      <g
        class="node"
        data-id="17"
        transform="translate(9,307)"
      >
        <rect
          fill="rgb(123, 183, 183)"
          height="232"
          width="251"
        />
        <text
          dominant-baseline="middle"
          fill="#000"
          font-size="0.8em"
          text-anchor="middle"
          x="125.5"
          y="116"
        >
          .rodata
        </text>
      </g>
      <g
        class="node"
        data-id="12"
        transform="translate(0,540)"
      >
        <rect
          fill="rgb(123, 183, 183)"
          height="228"
          width="260"
        />
        <text
          dominant-baseline="middle"
          fill="#000"
          font-size="0.8em"
          text-anchor="middle"
          x="130"
          y="114"
        >
          .gopclntab
        </text>
      </g>
      <g
        class="node"
        data-id="4"
        transform="translate(261,41)"
      >
        <rect
          fill="rgb(123, 123, 183)"
          height="3"
          width="26"
        />
      </g>
      <g
        class="node"
        data-id="10"
        transform="translate(261,45)"
      >
        <rect
          fill="rgb(123, 123, 183)"
          height="183"
          width="26"
        />
        <text
          dominant-baseline="middle"
          fill="#000"
          font-size="0.8em"
          text-anchor="middle"
          x="13"
          y="91.5"
        >
          .debug_ranges
        </text>
      </g>
      <g
        class="node"
        data-id="5"
        transform="translate(288,40)"
      >
        <rect
          fill="rgb(123, 123, 183)"
          height="49"
          width="223"
        />
        <text
          dominant-baseline="middle"
          fill="#000"
          font-size="0.8em"
          text-anchor="middle"
          x="111.5"
          y="24.5"
        >
          .debug_frame
        </text>
      </g>
      <g
        class="node"
        data-id="8"
        transform="translate(288,90)"
      >
        <rect
          fill="rgb(123, 123, 183)"
          height="138"
          width="223"
        />
        <text
          dominant-baseline="middle"
          fill="#000"
          font-size="0.8em"
          text-anchor="middle"
          x="111.5"
          y="69"
        >
          .debug_line
        </text>
      </g>
      <g
        class="node"
        data-id="9"
        transform="translate(512,40)"
      >
        <rect
          fill="rgb(123, 123, 183)"
          height="188"
          width="167"
        />
        <text
          dominant-baseline="middle"
          fill="#000"
          font-size="0.8em"
          text-anchor="middle"
          x="83.5"
          y="94"
        >
          .debug_loc
        </text>
      </g>
      <g
        class="node"
        data-id="7"
        transform="translate(680,40)"
      >
        <rect
          fill="rgb(123, 123, 183)"
          height="188"
          width="344"
        />
        <text
          dominant-baseline="middle"
          fill="#000"
          font-size="0.8em"
          text-anchor="middle"
          x="172"
          y="94"
        >
          .debug_info
        </text>
      </g>
      <g
        class="node"
        data-id="48"
        transform="translate(261,317)"
      >
        <rect
          fill="rgb(149, 80, 149)"
          height="2"
          width="2"
        />
      </g>
      <g
        class="node"
        data-id="50"
        transform="translate(264,317)"
      >
        <rect
          fill="rgb(149, 80, 149)"
          height="2"
          width="5"
        />
      </g>
      <g
        class="node"
        data-id="47"
        transform="translate(270,317)"
      >
        <rect
          fill="rgb(149, 80, 149)"
          height="2"
          width="7"
        />
      </g>
      <g
        class="node"
        data-id="49"
        transform="translate(278,317)"
      >
        <rect
          fill="rgb(149, 80, 149)"
          height="2"
          width="9"
        />
      </g>
      <g
        class="node"
        data-id="574"
        transform="translate(262,340)"
      >
        <rect
          fill="rgb(149, 80, 149)"
          height="7"
          width="25"
        />
      </g>
      <g
        class="node"
        data-id="73"
        transform="translate(261,379)"
      >
        <rect
          fill="rgb(149, 80, 149)"
          height="14"
          width="2"
        />
      </g>
      <g
        class="node"
        data-id="75"
        transform="translate(264,379)"
      >
        <rect
          fill="rgb(149, 80, 149)"
          height="14"
          width="23"
        />
        <text
          dominant-baseline="middle"
          fill="#fff"
          font-size="0.8em"
          text-anchor="middle"
          x="11.5"
          y="7"
        >
          &lt;autogenerated&gt;
        </text>
      </g>
      <g
        class="node"
        data-id="74"
        transform="translate(261,394)"
      >
        <rect
          fill="rgb(149, 80, 149)"
          height="25"
          width="26"
        />
        <text
          dominant-baseline="middle"
          fill="#fff"
          font-size="0.8em"
          text-anchor="middle"
          x="13"
          y="12.5"
        >
          type.go
        </text>
      </g>
      <g
        class="node"
        data-id="498"
        transform="translate(264,440)"
      >
        <rect
          fill="rgb(149, 80, 149)"
          height="2"
          width="23"
        />
      </g>
      <g
        class="node"
        data-id="497"
        transform="translate(261,443)"
      >
        <rect
          fill="rgb(149, 80, 149)"
          height="38"
          width="26"
        />
        <text
          dominant-baseline="middle"
          fill="#fff"
          font-size="0.8em"
          text-anchor="middle"
          x="13"
          y="19"
        >
          itoa.go
        </text>
      </g>
      <g
        class="node"
        data-id="55"
        transform="translate(261,504)"
      >
        <rect
          fill="rgb(149, 80, 149)"
          height="24"
          width="4"
        />
      </g>
      <g
        class="node"
        data-id="53"
        transform="translate(266,504)"
      >
        <rect
          fill="rgb(149, 80, 149)"
          height="24"
          width="21"
        />
        <text
          dominant-baseline="middle"
          fill="#fff"
          font-size="0.8em"
          text-anchor="middle"
          x="10.5"
          y="12"
        >
          cpu.go
        </text>
      </g>
      <g
        class="node"
        data-id="54"
        transform="translate(261,529)"
      >
        <rect
          fill="rgb(149, 80, 149)"
          height="26"
          width="26"
        />
        <text
          dominant-baseline="middle"
          fill="#fff"
          font-size="0.8em"
          text-anchor="middle"
          x="13"
          y="13"
        >
          cpu_x86.go
        </text>
      </g>
      <g
        class="node"
        data-id="43"
        transform="translate(262,576)"
      >
        <rect
          fill="rgb(149, 80, 149)"
          height="5"
          width="10"
        />
      </g>
      <g
        class="node"
        data-id="44"
        transform="translate(273,576)"
      >
        <rect
          fill="rgb(149, 80, 149)"
          height="5"
          width="14"
        />
      </g>
      <g
        class="node"
        data-id="42"
        transform="translate(261,582)"
      >
        <rect
          fill="rgb(149, 80, 149)"
          height="67"
          width="26"
        />
        <text
          dominant-baseline="middle"
          fill="#fff"
          font-size="0.8em"
          text-anchor="middle"
          x="13"
          y="33.5"
        >
          type.go
        </text>
      </g>
      <g
        class="node"
        data-id="77"
        transform="translate(261,672)"
      >
        <rect
          fill="rgb(149, 80, 149)"
          height="8"
          width="26"
        />
      </g>
      <g
        class="node"
        data-id="35"
        transform="translate(288,269)"
      >
        <rect
          fill="rgb(149, 80, 149)"
          height="10"
          width="112"
        />
      </g>
      <g
        class="node"
        data-id="511"
        transform="translate(290,300)"
      >
        <rect
          fill="rgb(149, 80, 149)"
          height="4"
          width="6"
        />
      </g>
      <g
        class="node"
        data-id="502"
        transform="translate(290,305)"
      >
        <rect
          fill="rgb(149, 80, 149)"
          height="4"
          width="6"
        />
      </g>
      <g
        class="node"
        data-id="508"
        transform="translate(290,310)"
      >
        <rect
          fill="rgb(149, 80, 149)"
          height="4"
          width="6"
        />
      </g>
      <g
        class="node"
        data-id="503"
        transform="translate(297,300)"
      >
        <rect
          fill="rgb(149, 80, 149)"
          height="6"
          width="6"
        />
      </g>
      <g
        class="node"
        data-id="504"
        transform="translate(297,307)"
      >
        <rect
          fill="rgb(149, 80, 149)"
          height="7"
          width="6"
        />
      </g>
      <g
        class="node"
        data-id="505"
        transform="translate(304,300)"
      >
        <rect
          fill="rgb(149, 80, 149)"
          height="4"
          width="15"
        />
      </g>
      <g
        class="node"
        data-id="512"
        transform="translate(304,305)"
      >
        <rect
          fill="rgb(149, 80, 149)"
          height="9"
          width="15"
        />
      </g>
      <g
        class="node"
        data-id="507"
        transform="translate(320,300)"
      >
        <rect
          fill="rgb(149, 80, 149)"
          height="6"
          width="21"
        />
      </g>
      <g
        class="node"
        data-id="506"
        transform="translate(320,307)"
      >
        <rect
          fill="rgb(149, 80, 149)"
          height="7"
          width="21"
        />
      </g>
      <g
        class="node"
        data-id="510"
        transform="translate(342,300)"
      >
        <rect
          fill="rgb(149, 80, 149)"
          height="14"
          width="13"
        />
        <text
          dominant-baseline="middle"
          fill="#fff"
          font-size="0.8em"
          text-anchor="middle"
          x="6.5"
          y="7"
        >
          once.go
        </text>
      </g>
      <g
        class="node"
        data-id="509"
        transform="translate(356,300)"
      >
        <rect
          fill="rgb(149, 80, 149)"
          height="14"
          width="21"
        />
        <text
          dominant-baseline="middle"
          fill="#fff"
          font-size="0.8em"
          text-anchor="middle"
          x="10.5"
          y="7"
        >
          mutex.go
        </text>
      </g>
      <g
        class="node"
        data-id="525"
        transform="translate(289,335)"
      >
        <rect
          fill="rgb(149, 80, 149)"
          height="3"
          width="7"
        />
      </g>
      <g
        class="node"
        data-id="528"
        transform="translate(289,339)"
      >
        <rect
          fill="rgb(149, 80, 149)"
          height="3"
          width="7"
        />
      </g>
      <g
        class="node"
        data-id="526"
        transform="translate(289,343)"
      >
        <rect
          fill="rgb(149, 80, 149)"
          height="8"
          width="7"
        />
      </g>
      <g
        class="node"
        data-id="533"
        transform="translate(289,352)"
      >
        <rect
          fill="rgb(149, 80, 149)"
          height="8"
          width="7"
        />
      </g>
      <g
        class="node"
        data-id="534"
        transform="translate(297,335)"
      >
        <rect
          fill="rgb(149, 80, 149)"
          height="6"
          width="13"
        />
      </g>
      <g
        class="node"
        data-id="531"
        transform="translate(297,342)"
      >
        <rect
          fill="rgb(149, 80, 149)"
          height="18"
          width="13"
        />
        <text
          dominant-baseline="middle"
          fill="#fff"
          font-size="0.8em"
          text-anchor="middle"
          x="6.5"
          y="9"
        >
          syscall_unix.go
        </text>
      </g>
      <g
        class="node"
        data-id="529"
        transform="translate(311,335)"
      >
        <rect
          fill="rgb(149, 80, 149)"
          height="11"
          width="21"
        />
      </g>
      <g
        class="node"
        data-id="530"
        transform="translate(311,347)"
      >
        <rect
          fill="rgb(149, 80, 149)"
          height="13"
          width="21"
        />
        <text
          dominant-baseline="middle"
          fill="#fff"
          font-size="0.8em"
          text-anchor="middle"
          x="10.5"
          y="6.5"
        >
          syscall_linux.go
        </text>
      </g>
      <g
        class="node"
        data-id="544"
        transform="translate(333,335)"
      >
        <rect
          fill="rgb(149, 80, 149)"
          height="11"
          width="39"
        />
      </g>
      <g
        class="node"
        data-id="527"
        transform="translate(333,347)"
      >
        <rect
          fill="rgb(149, 80, 149)"
          height="13"
          width="39"
        />
        <text
          dominant-baseline="middle"
          fill="#fff"
          font-size="0.8em"
          text-anchor="middle"
          x="19.5"
          y="6.5"
        >
          env_unix.go
        </text>
      </g>
      <g
        class="node"
        data-id="532"
        transform="translate(373,335)"
      >
        <rect
          fill="rgb(149, 80, 149)"
          height="25"
          width="27"
        />
        <text
          dominant-baseline="middle"
          fill="#fff"
          font-size="0.8em"
          text-anchor="middle"
          x="13.5"
          y="12.5"
        >
          zsyscall_linux_amd64.go
        </text>
      </g>
      <g
        class="node"
        data-id="109"
        transform="translate(288,384)"
      >
        <rect
          fill="rgb(149, 80, 149)"
          height="14"
          width="3"
        />
      </g>
      <g
        class="node"
        data-id="113"
        transform="translate(288,399)"
      >
        <rect
          fill="rgb(149, 80, 149)"
          height="25"
          width="3"
        />
      </g>
      <g
        class="node"
        data-id="110"
        transform="translate(288,425)"
      >
        <rect
          fill="rgb(149, 80, 149)"
          height="27"
          width="3"
        />
      </g>
      <g
        class="node"
        data-id="114"
        transform="translate(292,381)"
      >
        <rect
          fill="rgb(149, 80, 149)"
          height="7"
          width="47"
        />
      </g>
      <g
        class="node"
        data-id="111"
        transform="translate(292,389)"
      >
        <rect
          fill="rgb(149, 80, 149)"
          height="63"
          width="47"
        />
        <text
          dominant-baseline="middle"
          fill="#fff"
          font-size="0.8em"
          text-anchor="middle"
          x="23.5"
          y="31.5"
        >
          type.go
        </text>
      </g>
      <g
        class="node"
        data-id="112"
        transform="translate(340,381)"
      >
        <rect
          fill="rgb(149, 80, 149)"
          height="71"
          width="60"
        />
        <text
          dominant-baseline="middle"
          fill="#fff"
          font-size="0.8em"
          text-anchor="middle"
          x="30"
          y="35.5"
        >
          value.go
        </text>
      </g>
      <g
        class="node"
        data-id="557"
        transform="translate(291,473)"
      >
        <rect
          fill="rgb(149, 80, 149)"
          height="7"
          width="2"
        />
      </g>
      <g
        class="node"
        data-id="565"
        transform="translate(296,473)"
      >
        <rect
          fill="rgb(149, 80, 149)"
          height="7"
          width="4"
        />
      </g>
      <g
        class="node"
        data-id="566"
        transform="translate(301,473)"
      >
        <rect
          fill="rgb(149, 80, 149)"
          height="7"
          width="4"
        />
      </g>
      <g
        class="node"
        data-id="552"
        transform="translate(306,473)"
      >
        <rect
          fill="rgb(149, 80, 149)"
          height="7"
          width="14"
        />
      </g>
      <g
        class="node"
        data-id="547"
        transform="translate(321,473)"
      >
        <rect
          fill="rgb(149, 80, 149)"
          height="7"
          width="15"
        />
      </g>
      <g
        class="node"
        data-id="546"
        transform="translate(337,473)"
      >
        <rect
          fill="rgb(149, 80, 149)"
          height="7"
          width="16"
        />
      </g>
      <g
        class="node"
        data-id="556"
        transform="translate(354,473)"
      >
        <rect
          fill="rgb(149, 80, 149)"
          height="7"
          width="46"
        />
      </g>
      <g
        class="node"
        data-id="549"
        transform="translate(288,481)"
      >
        <rect
          fill="rgb(149, 80, 149)"
          height="40"
          width="14"
        />
        <text
          dominant-baseline="middle"
          fill="#fff"
          font-size="0.8em"
          text-anchor="middle"
          x="7"
          y="20"
        >
          sys_unix.go
        </text>
      </g>
      <g
        class="node"
        data-id="555"
        transform="translate(303,481)"
      >
        <rect
          fill="rgb(149, 80, 149)"
          height="40"
          width="19"
        />
        <text
          dominant-baseline="middle"
          fill="#fff"
          font-size="0.8em"
          text-anchor="middle"
          x="9.5"
          y="20"
        >
          format_rfc3339.go
        </text>
      </g>
      <g
        class="node"
        data-id="554"
        transform="translate(323,481)"
      >
        <rect
          fill="rgb(149, 80, 149)"
          height="40"
          width="25"
        />
        <text
          dominant-baseline="middle"
          fill="#fff"
          font-size="0.8em"
          text-anchor="middle"
          x="12.5"
          y="20"
        >
          zoneinfo_unix.go
        </text>
      </g>
      <g
        class="node"
        data-id="550"
        transform="translate(349,481)"
      >
        <rect
          fill="rgb(149, 80, 149)"
          height="40"
          width="51"
        />
        <text
          dominant-baseline="middle"
          fill="#fff"
          font-size="0.8em"
          text-anchor="middle"
          x="25.5"
          y="20"
        >
          time.go
        </text>
      </g>
      <g
        class="node"
        data-id="551"
        transform="translate(288,522)"
      >
        <rect
          fill="rgb(149, 80, 149)"
          height="132"
          width="46"
        />
        <text
          dominant-baseline="middle"
          fill="#fff"
          font-size="0.8em"
          text-anchor="middle"
          x="23"
          y="66"
        >
          zoneinfo.go
        </text>
      </g>
      <g
        class="node"
        data-id="553"
        transform="translate(335,522)"
      >
        <rect
          fill="rgb(149, 80, 149)"
          height="132"
          width="65"
        />
        <text
          dominant-baseline="middle"
          fill="#fff"
          font-size="0.8em"
          text-anchor="middle"
          x="32.5"
          y="66"
        >
          zoneinfo_read.go
        </text>
      </g>
      <g
        class="node"
        data-id="548"
        transform="translate(288,655)"
      >
        <rect
          fill="rgb(149, 80, 149)"
          height="113"
          width="112"
        />
        <text
          dominant-baseline="middle"
          fill="#fff"
          font-size="0.8em"
          text-anchor="middle"
          x="56"
          y="56.5"
        >
          format.go
        </text>
      </g>
      <g
        class="node"
        data-id="361"
        transform="translate(403,269)"
      >
        <rect
          fill="rgb(149, 80, 149)"
          height="7"
          width="2"
        />
      </g>
      <g
        class="node"
        data-id="252"
        transform="translate(403,277)"
      >
        <rect
          fill="rgb(149, 80, 149)"
          height="7"
          width="2"
        />
      </g>
      <g
        class="node"
        data-id="405"
        transform="translate(403,285)"
      >
        <rect
          fill="rgb(149, 80, 149)"
          height="7"
          width="2"
        />
      </g>
      <g
        class="node"
        data-id="406"
        transform="translate(403,293)"
      >
        <rect
          fill="rgb(149, 80, 149)"
          height="7"
          width="2"
        />
      </g>
      <g
        class="node"
        data-id="304"
        transform="translate(403,301)"
      >
        <rect
          fill="rgb(149, 80, 149)"
          height="9"
          width="2"
        />
      </g>
      <g
        class="node"
        data-id="339"
        transform="translate(403,311)"
      >
        <rect
          fill="rgb(149, 80, 149)"
          height="8"
          width="2"
        />
      </g>
      <g
        class="node"
        data-id="461"
        transform="translate(403,320)"
      >
        <rect
          fill="rgb(149, 80, 149)"
          height="9"
          width="2"
        />
      </g>
      <g
        class="node"
        data-id="364"
        transform="translate(403,330)"
      >
        <rect
          fill="rgb(149, 80, 149)"
          height="10"
          width="2"
        />
      </g>
      <g
        class="node"
        data-id="458"
        transform="translate(403,341)"
      >
        <rect
          fill="rgb(149, 80, 149)"
          height="10"
          width="2"
        />
      </g>
      <g
        class="node"
        data-id="314"
        transform="translate(403,352)"
      >
        <rect
          fill="rgb(149, 80, 149)"
          height="12"
          width="2"
        />
      </g>
      <g
        class="node"
        data-id="427"
        transform="translate(403,365)"
      >
        <rect
          fill="rgb(149, 80, 149)"
          height="14"
          width="2"
        />
      </g>
      <g
        class="node"
        data-id="250"
        transform="translate(403,380)"
      >
        <rect
          fill="rgb(149, 80, 149)"
          height="18"
          width="2"
        />
      </g>
      <g
        class="node"
        data-id="266"
        transform="translate(403,399)"
      >
        <rect
          fill="rgb(149, 80, 149)"
          height="18"
          width="2"
        />
      </g>
      <g
        class="node"
        data-id="463"
        transform="translate(403,418)"
      >
        <rect
          fill="rgb(149, 80, 149)"
          height="18"
          width="2"
        />
      </g>
      <g
        class="node"
        data-id="460"
        transform="translate(403,437)"
      >
        <rect
          fill="rgb(149, 80, 149)"
          height="19"
          width="2"
        />
      </g>
      <g
        class="node"
        data-id="120"
        transform="translate(403,457)"
      >
        <rect
          fill="rgb(149, 80, 149)"
          height="20"
          width="2"
        />
      </g>
      <g
        class="node"
        data-id="130"
        transform="translate(403,478)"
      >
        <rect
          fill="rgb(149, 80, 149)"
          height="20"
          width="2"
        />
      </g>
      <g
        class="node"
        data-id="173"
        transform="translate(403,499)"
      >
        <rect
          fill="rgb(149, 80, 149)"
          height="20"
          width="2"
        />
      </g>
      <g
        class="node"
        data-id="176"
        transform="translate(403,520)"
      >
        <rect
          fill="rgb(149, 80, 149)"
          height="19"
          width="2"
        />
      </g>
      <g
        class="node"
        data-id="177"
        transform="translate(403,540)"
      >
        <rect
          fill="rgb(149, 80, 149)"
          height="20"
          width="2"
        />
      </g>
      <g
        class="node"
        data-id="208"
        transform="translate(403,561)"
      >
        <rect
          fill="rgb(149, 80, 149)"
          height="20"
          width="2"
        />
      </g>
      <g
        class="node"
        data-id="212"
        transform="translate(403,582)"
      >
        <rect
          fill="rgb(149, 80, 149)"
          height="20"
          width="2"
        />
      </g>
      <g
        class="node"
        data-id="217"
        transform="translate(403,603)"
      >
        <rect
          fill="rgb(149, 80, 149)"
          height="20"
          width="2"
        />
      </g>
      <g
        class="node"
        data-id="265"
        transform="translate(403,624)"
      >
        <rect
          fill="rgb(149, 80, 149)"
          height="20"
          width="2"
        />
      </g>
      <g
        class="node"
        data-id="318"
        transform="translate(403,645)"
      >
        <rect
          fill="rgb(149, 80, 149)"
          height="23"
          width="2"
        />
      </g>
      <g
        class="node"
        data-id="478"
        transform="translate(403,669)"
      >
        <rect
          fill="rgb(149, 80, 149)"
          height="23"
          width="2"
        />
      </g>
      <g
        class="node"
        data-id="296"
        transform="translate(403,693)"
      >
        <rect
          fill="rgb(149, 80, 149)"
          height="24"
          width="2"
        />
      </g>
      <g
        class="node"
        data-id="201"
        transform="translate(403,718)"
      >
        <rect
          fill="rgb(149, 80, 149)"
          height="24"
          width="2"
        />
      </g>
      <g
        class="node"
        data-id="227"
        transform="translate(403,743)"
      >
        <rect
          fill="rgb(149, 80, 149)"
          height="25"
          width="2"
        />
      </g>
      <g
        class="node"
        data-id="170"
        transform="translate(406,269)"
      >
        <rect
          fill="rgb(149, 80, 149)"
          height="20"
          width="3"
        />
      </g>
      <g
        class="node"
        data-id="216"
        transform="translate(406,290)"
      >
        <rect
          fill="rgb(149, 80, 149)"
          height="21"
          width="3"
        />
      </g>
      <g
        class="node"
        data-id="225"
        transform="translate(406,312)"
      >
        <rect
          fill="rgb(149, 80, 149)"
          height="20"
          width="3"
        />
      </g>
      <g
        class="node"
        data-id="229"
        transform="translate(406,333)"
      >
        <rect
          fill="rgb(149, 80, 149)"
          height="21"
          width="3"
        />
      </g>
      <g
        class="node"
        data-id="383"
        transform="translate(406,355)"
      >
        <rect
          fill="rgb(149, 80, 149)"
          height="23"
          width="3"
        />
      </g>
      <g
        class="node"
        data-id="186"
        transform="translate(406,379)"
      >
        <rect
          fill="rgb(149, 80, 149)"
          height="24"
          width="3"
        />
      </g>
      <g
        class="node"
        data-id="204"
        transform="translate(406,404)"
      >
        <rect
          fill="rgb(149, 80, 149)"
          height="24"
          width="3"
        />
      </g>
      <g
        class="node"
        data-id="464"
        transform="translate(406,429)"
      >
        <rect
          fill="rgb(149, 80, 149)"
          height="25"
          width="3"
        />
      </g>
      <g
        class="node"
        data-id="452"
        transform="translate(406,455)"
      >
        <rect
          fill="rgb(149, 80, 149)"
          height="25"
          width="3"
        />
      </g>
      <g
        class="node"
        data-id="466"
        transform="translate(406,481)"
      >
        <rect
          fill="rgb(149, 80, 149)"
          height="26"
          width="3"
        />
      </g>
      <g
        class="node"
        data-id="450"
        transform="translate(406,508)"
      >
        <rect
          fill="rgb(149, 80, 149)"
          height="26"
          width="3"
        />
      </g>
      <g
        class="node"
        data-id="272"
        transform="translate(406,535)"
      >
        <rect
          fill="rgb(149, 80, 149)"
          height="27"
          width="3"
        />
      </g>
      <g
        class="node"
        data-id="135"
        transform="translate(406,563)"
      >
        <rect
          fill="rgb(149, 80, 149)"
          height="27"
          width="3"
        />
      </g>
      <g
        class="node"
        data-id="462"
        transform="translate(406,591)"
      >
        <rect
          fill="rgb(149, 80, 149)"
          height="28"
          width="3"
        />
      </g>
      <g
        class="node"
        data-id="121"
        transform="translate(406,620)"
      >
        <rect
          fill="rgb(149, 80, 149)"
          height="28"
          width="3"
        />
      </g>
      <g
        class="node"
        data-id="178"
        transform="translate(406,649)"
      >
        <rect
          fill="rgb(149, 80, 149)"
          height="29"
          width="3"
        />
      </g>
      <g
        class="node"
        data-id="182"
        transform="translate(406,679)"
      >
        <rect
          fill="rgb(149, 80, 149)"
          height="28"
          width="3"
        />
      </g>
      <g
        class="node"
        data-id="190"
        transform="translate(406,708)"
      >
        <rect
          fill="rgb(149, 80, 149)"
          height="29"
          width="3"
        />
      </g>
      <g
        class="node"
        data-id="228"
        transform="translate(406,738)"
      >
        <rect
          fill="rgb(149, 80, 149)"
          height="30"
          width="3"
        />
      </g>
      <g
        class="node"
        data-id="167"
        transform="translate(410,269)"
      >
        <rect
          fill="rgb(149, 80, 149)"
          height="6"
          width="19"
        />
      </g>
      <g
        class="node"
        data-id="124"
        transform="translate(410,276)"
      >
        <rect
          fill="rgb(149, 80, 149)"
          height="6"
          width="19"
        />
      </g>
      <g
        class="node"
        data-id="316"
        transform="translate(410,291)"
      >
        <rect
          fill="rgb(149, 80, 149)"
          height="7"
          width="19"
        />
      </g>
      <g
        class="node"
        data-id="385"
        transform="translate(410,306)"
      >
        <rect
          fill="rgb(149, 80, 149)"
          height="7"
          width="19"
        />
      </g>
      <g
        class="node"
        data-id="134"
        transform="translate(410,314)"
      >
        <rect
          fill="rgb(149, 80, 149)"
          height="7"
          width="19"
        />
      </g>
      <g
        class="node"
        data-id="207"
        transform="translate(410,322)"
      >
        <rect
          fill="rgb(149, 80, 149)"
          height="7"
          width="19"
        />
      </g>
      <g
        class="node"
        data-id="205"
        transform="translate(410,330)"
      >
        <rect
          fill="rgb(149, 80, 149)"
          height="8"
          width="19"
        />
      </g>
      <g
        class="node"
        data-id="378"
        transform="translate(410,339)"
      >
        <rect
          fill="rgb(149, 80, 149)"
          height="9"
          width="19"
        />
      </g>
      <g
        class="node"
        data-id="429"
        transform="translate(410,349)"
      >
        <rect
          fill="rgb(149, 80, 149)"
          height="9"
          width="19"
        />
      </g>
      <g
        class="node"
        data-id="449"
        transform="translate(410,359)"
      >
        <rect
          fill="rgb(149, 80, 149)"
          height="9"
          width="19"
        />
      </g>
      <g
        class="node"
        data-id="175"
        transform="translate(410,369)"
      >
        <rect
          fill="rgb(149, 80, 149)"
          height="9"
          width="19"
        />
      </g>
      <g
        class="node"
        data-id="222"
        transform="translate(410,379)"
      >
        <rect
          fill="rgb(149, 80, 149)"
          height="10"
          width="19"
        />
      </g>
      <g
        class="node"
        data-id="467"
        transform="translate(410,390)"
      >
        <rect
          fill="rgb(149, 80, 149)"
          height="10"
          width="19"
        />
      </g>
      <g
        class="node"
        data-id="187"
        transform="translate(410,401)"
      >
        <rect
          fill="rgb(149, 80, 149)"
          height="11"
          width="19"
        />
      </g>
      <g
        class="node"
        data-id="310"
        transform="translate(410,413)"
      >
        <rect
          fill="rgb(149, 80, 149)"
          height="10"
          width="19"
        />
      </g>
      <g
        class="node"
        data-id="214"
        transform="translate(410,424)"
      >
        <rect
          fill="rgb(149, 80, 149)"
          height="10"
          width="19"
        />
      </g>
      <g
        class="node"
        data-id="473"
        transform="translate(410,435)"
      >
        <rect
          fill="rgb(149, 80, 149)"
          height="11"
          width="19"
        />
      </g>
      <g
        class="node"
        data-id="126"
        transform="translate(410,447)"
      >
        <rect
          fill="rgb(149, 80, 149)"
          height="12"
          width="19"
        />
      </g>
      <g
        class="node"
        data-id="131"
        transform="translate(410,460)"
      >
        <rect
          fill="rgb(149, 80, 149)"
          height="12"
          width="19"
        />
      </g>
      <g
        class="node"
        data-id="195"
        transform="translate(410,473)"
      >
        <rect
          fill="rgb(149, 80, 149)"
          height="12"
          width="19"
        />
      </g>
      <g
        class="node"
        data-id="179"
        transform="translate(410,486)"
      >
        <rect
          fill="rgb(149, 80, 149)"
          height="13"
          width="19"
        />
        <text
          dominant-baseline="middle"
          fill="#fff"
          font-size="0.8em"
          text-anchor="middle"
          x="9.5"
          y="6.5"
        >
          pagetrace_off.go
        </text>
      </g>
      <g
        class="node"
        data-id="136"
        transform="translate(410,500)"
      >
        <rect
          fill="rgb(149, 80, 149)"
          height="14"
          width="19"
        />
        <text
          dominant-baseline="middle"
          fill="#fff"
          font-size="0.8em"
          text-anchor="middle"
          x="9.5"
          y="7"
        >
          float.go
        </text>
      </g>
      <g
        class="node"
        data-id="133"
        transform="translate(410,515)"
      >
        <rect
          fill="rgb(149, 80, 149)"
          height="16"
          width="19"
        />
        <text
          dominant-baseline="middle"
          fill="#fff"
          font-size="0.8em"
          text-anchor="middle"
          x="9.5"
          y="8"
        >
          exithook.go
        </text>
      </g>
      <g
        class="node"
        data-id="220"
        transform="translate(410,532)"
      >
        <rect
          fill="rgb(149, 80, 149)"
          height="16"
          width="19"
        />
        <text
          dominant-baseline="middle"
          fill="#fff"
          font-size="0.8em"
          text-anchor="middle"
          x="9.5"
          y="8"
        >
          memclr_amd64.s
        </text>
      </g>
      <g
        class="node"
        data-id="231"
        transform="translate(410,567)"
      >
        <rect
          fill="rgb(149, 80, 149)"
          height="17"
          width="19"
        />
        <text
          dominant-baseline="middle"
          fill="#fff"
          font-size="0.8em"
          text-anchor="middle"
          x="9.5"
          y="8.5"
        >
          mfixalloc.go
        </text>
      </g>
      <g
        class="node"
        data-id="127"
        transform="translate(410,585)"
      >
        <rect
          fill="rgb(149, 80, 149)"
          height="18"
          width="19"
        />
        <text
          dominant-baseline="middle"
          fill="#fff"
          font-size="0.8em"
          text-anchor="middle"
          x="9.5"
          y="9"
        >
          cgocall.go
        </text>
      </g>
      <g
        class="node"
        data-id="384"
        transform="translate(410,604)"
      >
        <rect
          fill="rgb(149, 80, 149)"
          height="19"
          width="19"
        />
        <text
          dominant-baseline="middle"
          fill="#fff"
          font-size="0.8em"
          text-anchor="middle"
          x="9.5"
          y="9.5"
        >
          m0
        </text>
      </g>
      <g
        class="node"
        data-id="125"
        transform="translate(410,624)"
      >
        <rect
          fill="rgb(149, 80, 149)"
          height="19"
          width="19"
        />
        <text
          dominant-baseline="middle"
          fill="#fff"
          font-size="0.8em"
          text-anchor="middle"
          x="9.5"
          y="9.5"
        >
          cgo_mmap.go
        </text>
      </g>
      <g
        class="node"
        data-id="295"
        transform="translate(410,644)"
      >
        <rect
          fill="rgb(149, 80, 149)"
          height="19"
          width="19"
        />
        <text
          dominant-baseline="middle"
          fill="#fff"
          font-size="0.8em"
          text-anchor="middle"
          x="9.5"
          y="9.5"
        >
          zeroVal
        </text>
      </g>
      <g
        class="node"
        data-id="357"
        transform="translate(410,664)"
      >
        <rect
          fill="rgb(149, 80, 149)"
          height="19"
          width="19"
        />
        <text
          dominant-baseline="middle"
          fill="#fff"
          font-size="0.8em"
          text-anchor="middle"
          x="9.5"
          y="9.5"
        >
          auxvreadbuf
        </text>
      </g>
      <g
        class="node"
        data-id="235"
        transform="translate(410,684)"
      >
        <rect
          fill="rgb(149, 80, 149)"
          height="19"
          width="19"
        />
        <text
          dominant-baseline="middle"
          fill="#fff"
          font-size="0.8em"
          text-anchor="middle"
          x="9.5"
          y="9.5"
        >
          pinner.go
        </text>
      </g>
      <g
        class="node"
        data-id="213"
        transform="translate(410,704)"
      >
        <rect
          fill="rgb(149, 80, 149)"
          height="20"
          width="19"
        />
        <text
          dominant-baseline="middle"
          fill="#fff"
          font-size="0.8em"
          text-anchor="middle"
          x="9.5"
          y="10"
        >
          unsafe.go
        </text>
      </g>
      <g
        class="node"
        data-id="123"
        transform="translate(410,725)"
      >
        <rect
          fill="rgb(149, 80, 149)"
          height="21"
          width="19"
        />
        <text
          dominant-baseline="middle"
          fill="#fff"
          font-size="0.8em"
          text-anchor="middle"
          x="9.5"
          y="10.5"
        >
          arena.go
        </text>
      </g>
      <g
        class="node"
        data-id="153"
        transform="translate(410,747)"
      >
        <rect
          fill="rgb(149, 80, 149)"
          height="21"
          width="19"
        />
        <text
          dominant-baseline="middle"
          fill="#fff"
          font-size="0.8em"
          text-anchor="middle"
          x="9.5"
          y="10.5"
        >
          mfinal.go
        </text>
      </g>
      <g
        class="node"
        data-id="236"
        transform="translate(430,269)"
      >
        <rect
          fill="rgb(149, 80, 149)"
          height="13"
          width="32"
        />
        <text
          dominant-baseline="middle"
          fill="#fff"
          font-size="0.8em"
          text-anchor="middle"
          x="16"
          y="6.5"
        >
          rwmutex.go
        </text>
      </g>
      <g
        class="node"
        data-id="147"
        transform="translate(430,283)"
      >
        <rect
          fill="rgb(149, 80, 149)"
          height="13"
          width="32"
        />
        <text
          dominant-baseline="middle"
          fill="#fff"
          font-size="0.8em"
          text-anchor="middle"
          x="16"
          y="6.5"
        >
          mbarrier.go
        </text>
      </g>
      <g
        class="node"
        data-id="150"
        transform="translate(430,297)"
      >
        <rect
          fill="rgb(149, 80, 149)"
          height="15"
          width="32"
        />
        <text
          dominant-baseline="middle"
          fill="#fff"
          font-size="0.8em"
          text-anchor="middle"
          x="16"
          y="7.5"
        >
          mcheckmark.go
        </text>
      </g>
      <g
        class="node"
        data-id="191"
        transform="translate(430,313)"
      >
        <rect
          fill="rgb(149, 80, 149)"
          height="14"
          width="32"
        />
        <text
          dominant-baseline="middle"
          fill="#fff"
          font-size="0.8em"
          text-anchor="middle"
          x="16"
          y="7"
        >
          security_unix.go
        </text>
      </g>
      <g
        class="node"
        data-id="171"
        transform="translate(430,328)"
      >
        <rect
          fill="rgb(149, 80, 149)"
          height="17"
          width="32"
        />
        <text
          dominant-baseline="middle"
          fill="#fff"
          font-size="0.8em"
          text-anchor="middle"
          x="16"
          y="8.5"
        >
          netpoll.go
        </text>
      </g>
      <g
        class="node"
        data-id="200"
        transform="translate(430,346)"
      >
        <rect
          fill="rgb(149, 80, 149)"
          height="16"
          width="32"
        />
        <text
          dominant-baseline="middle"
          fill="#fff"
          font-size="0.8em"
          text-anchor="middle"
          x="16"
          y="8"
        >
          stubs.go
        </text>
      </g>
      <g
        class="node"
        data-id="226"
        transform="translate(430,363)"
      >
        <rect
          fill="rgb(149, 80, 149)"
          height="17"
          width="32"
        />
        <text
          dominant-baseline="middle"
          fill="#fff"
          font-size="0.8em"
          text-anchor="middle"
          x="16"
          y="8.5"
        >
          cpuprof.go
        </text>
      </g>
      <g
        class="node"
        data-id="139"
        transform="translate(430,381)"
      >
        <rect
          fill="rgb(149, 80, 149)"
          height="17"
          width="32"
        />
        <text
          dominant-baseline="middle"
          fill="#fff"
          font-size="0.8em"
          text-anchor="middle"
          x="16"
          y="8.5"
        >
          lfstack.go
        </text>
      </g>
      <g
        class="node"
        data-id="219"
        transform="translate(430,399)"
      >
        <rect
          fill="rgb(149, 80, 149)"
          height="18"
          width="32"
        />
        <text
          dominant-baseline="middle"
          fill="#fff"
          font-size="0.8em"
          text-anchor="middle"
          x="16"
          y="9"
        >
          duff_amd64.s
        </text>
      </g>
      <g
        class="node"
        data-id="459"
        transform="translate(430,418)"
      >
        <rect
          fill="rgb(149, 80, 149)"
          height="18"
          width="32"
        />
        <text
          dominant-baseline="middle"
          fill="#fff"
          font-size="0.8em"
          text-anchor="middle"
          x="16"
          y="9"
        >
          sigtable
        </text>
      </g>
      <g
        class="node"
        data-id="203"
        transform="translate(430,437)"
      >
        <rect
          fill="rgb(149, 80, 149)"
          height="18"
          width="32"
        />
        <text
          dominant-baseline="middle"
          fill="#fff"
          font-size="0.8em"
          text-anchor="middle"
          x="16"
          y="9"
        >
          symtabinl.go
        </text>
      </g>
      <g
        class="node"
        data-id="434"
        transform="translate(430,456)"
      >
        <rect
          fill="rgb(149, 80, 149)"
          height="19"
          width="32"
        />
        <text
          dominant-baseline="middle"
          fill="#fff"
          font-size="0.8em"
          text-anchor="middle"
          x="16"
          y="9.5"
        >
          sched
        </text>
      </g>
      <g
        class="node"
        data-id="234"
        transform="translate(430,476)"
      >
        <rect
          fill="rgb(149, 80, 149)"
          height="20"
          width="32"
        />
        <text
          dominant-baseline="middle"
          fill="#fff"
          font-size="0.8em"
          text-anchor="middle"
          x="16"
          y="10"
        >
          mstats.go
        </text>
      </g>
      <g
        class="node"
        data-id="151"
        transform="translate(430,497)"
      >
        <rect
          fill="rgb(149, 80, 149)"
          height="21"
          width="32"
        />
        <text
          dominant-baseline="middle"
          fill="#fff"
          font-size="0.8em"
          text-anchor="middle"
          x="16"
          y="10.5"
        >
          mem.go
        </text>
      </g>
      <g
        class="node"
        data-id="141"
        transform="translate(430,519)"
      >
        <rect
          fill="rgb(149, 80, 149)"
          height="20"
          width="32"
        />
        <text
          dominant-baseline="middle"
          fill="#fff"
          font-size="0.8em"
          text-anchor="middle"
          x="16"
          y="10"
        >
          lockrank_off.go
        </text>
      </g>
      <g
        class="node"
        data-id="169"
        transform="translate(430,540)"
      >
        <rect
          fill="rgb(149, 80, 149)"
          height="21"
          width="32"
        />
        <text
          dominant-baseline="middle"
          fill="#fff"
          font-size="0.8em"
          text-anchor="middle"
          x="16"
          y="10.5"
        >
          mwbbuf.go
        </text>
      </g>
      <g
        class="node"
        data-id="172"
        transform="translate(430,562)"
      >
        <rect
          fill="rgb(149, 80, 149)"
          height="21"
          width="32"
        />
        <text
          dominant-baseline="middle"
          fill="#fff"
          font-size="0.8em"
          text-anchor="middle"
          x="16"
          y="10.5"
        >
          netpoll_epoll.go
        </text>
      </g>
      <g
        class="node"
        data-id="221"
        transform="translate(430,584)"
      >
        <rect
          fill="rgb(149, 80, 149)"
          height="21"
          width="32"
        />
        <text
          dominant-baseline="middle"
          fill="#fff"
          font-size="0.8em"
          text-anchor="middle"
          x="16"
          y="10.5"
        >
          memmove_amd64.s
        </text>
      </g>
      <g
        class="node"
        data-id="287"
        transform="translate(430,606)"
      >
        <rect
          fill="rgb(149, 80, 149)"
          height="24"
          width="32"
        />
        <text
          dominant-baseline="middle"
          fill="#fff"
          font-size="0.8em"
          text-anchor="middle"
          x="16"
          y="12"
        >
          staticuint64s
        </text>
      </g>
      <g
        class="node"
        data-id="137"
        transform="translate(430,631)"
      >
        <rect
          fill="rgb(149, 80, 149)"
          height="25"
          width="32"
        />
        <text
          dominant-baseline="middle"
          fill="#fff"
          font-size="0.8em"
          text-anchor="middle"
          x="16"
          y="12.5"
        >
          hash64.go
        </text>
      </g>
      <g
        class="node"
        data-id="189"
        transform="translate(430,657)"
      >
        <rect
          fill="rgb(149, 80, 149)"
          height="26"
          width="32"
        />
        <text
          dominant-baseline="middle"
          fill="#fff"
          font-size="0.8em"
          text-anchor="middle"
          x="16"
          y="13"
        >
          runtime2.go
        </text>
      </g>
      <g
        class="node"
        data-id="159"
        transform="translate(430,684)"
      >
        <rect
          fill="rgb(149, 80, 149)"
          height="27"
          width="32"
        />
        <text
          dominant-baseline="middle"
          fill="#fff"
          font-size="0.8em"
          text-anchor="middle"
          x="16"
          y="13.5"
        >
          mgcstack.go
        </text>
      </g>
      <g
        class="node"
        data-id="233"
        transform="translate(430,712)"
      >
        <rect
          fill="rgb(149, 80, 149)"
          height="27"
          width="32"
        />
        <text
          dominant-baseline="middle"
          fill="#fff"
          font-size="0.8em"
          text-anchor="middle"
          x="16"
          y="13.5"
        >
          mpagecache.go
        </text>
      </g>
      <g
        class="node"
        data-id="196"
        transform="translate(430,740)"
      >
        <rect
          fill="rgb(149, 80, 149)"
          height="28"
          width="32"
        />
        <text
          dominant-baseline="middle"
          fill="#fff"
          font-size="0.8em"
          text-anchor="middle"
          x="16"
          y="14"
        >
          slice.go
        </text>
      </g>
      <g
        class="node"
        data-id="230"
        transform="translate(463,269)"
      >
        <rect
          fill="rgb(149, 80, 149)"
          height="21"
          width="44"
        />
        <text
          dominant-baseline="middle"
          fill="#fff"
          font-size="0.8em"
          text-anchor="middle"
          x="22"
          y="10.5"
        >
          mcentral.go
        </text>
      </g>
      <g
        class="node"
        data-id="193"
        transform="translate(463,291)"
      >
        <rect
          fill="rgb(149, 80, 149)"
          height="22"
          width="44"
        />
        <text
          dominant-baseline="middle"
          fill="#fff"
          font-size="0.8em"
          text-anchor="middle"
          x="22"
          y="11"
        >
          signal_amd64.go
        </text>
      </g>
      <g
        class="node"
        data-id="152"
        transform="translate(463,314)"
      >
        <rect
          fill="rgb(149, 80, 149)"
          height="22"
          width="44"
        />
        <text
          dominant-baseline="middle"
          fill="#fff"
          font-size="0.8em"
          text-anchor="middle"
          x="22"
          y="11"
        >
          mem_linux.go
        </text>
      </g>
      <g
        class="node"
        data-id="198"
        transform="translate(463,337)"
      >
        <rect
          fill="rgb(149, 80, 149)"
          height="27"
          width="44"
        />
        <text
          dominant-baseline="middle"
          fill="#fff"
          font-size="0.8em"
          text-anchor="middle"
          x="22"
          y="13.5"
        >
          stkframe.go
        </text>
      </g>
      <g
        class="node"
        data-id="181"
        transform="translate(463,365)"
      >
        <rect
          fill="rgb(149, 80, 149)"
          height="27"
          width="44"
        />
        <text
          dominant-baseline="middle"
          fill="#fff"
          font-size="0.8em"
          text-anchor="middle"
          x="22"
          y="13.5"
        >
          preempt.go
        </text>
      </g>
      <g
        class="node"
        data-id="145"
        transform="translate(463,393)"
      >
        <rect
          fill="rgb(149, 80, 149)"
          height="29"
          width="44"
        />
        <text
          dominant-baseline="middle"
          fill="#fff"
          font-size="0.8em"
          text-anchor="middle"
          x="22"
          y="14.5"
        >
          map_fast64.go
        </text>
      </g>
      <g
        class="node"
        data-id="129"
        transform="translate(463,423)"
      >
        <rect
          fill="rgb(149, 80, 149)"
          height="30"
          width="44"
        />
        <text
          dominant-baseline="middle"
          fill="#fff"
          font-size="0.8em"
          text-anchor="middle"
          x="22"
          y="15"
        >
          debugcall.go
        </text>
      </g>
      <g
        class="node"
        data-id="140"
        transform="translate(463,454)"
      >
        <rect
          fill="rgb(149, 80, 149)"
          height="30"
          width="44"
        />
        <text
          dominant-baseline="middle"
          fill="#fff"
          font-size="0.8em"
          text-anchor="middle"
          x="22"
          y="15"
        >
          lock_futex.go
        </text>
      </g>
      <g
        class="node"
        data-id="149"
        transform="translate(463,485)"
      >
        <rect
          fill="rgb(149, 80, 149)"
          height="30"
          width="44"
        />
        <text
          dominant-baseline="middle"
          fill="#fff"
          font-size="0.8em"
          text-anchor="middle"
          x="22"
          y="15"
        >
          mcache.go
        </text>
      </g>
      <g
        class="node"
        data-id="232"
        transform="translate(463,516)"
      >
        <rect
          fill="rgb(149, 80, 149)"
          height="31"
          width="44"
        />
        <text
          dominant-baseline="middle"
          fill="#fff"
          font-size="0.8em"
          text-anchor="middle"
          x="22"
          y="15.5"
        >
          mpagealloc_64bit.go
        </text>
      </g>
      <g
        class="node"
        data-id="144"
        transform="translate(463,548)"
      >
        <rect
          fill="rgb(149, 80, 149)"
          height="34"
          width="44"
        />
        <text
          dominant-baseline="middle"
          fill="#fff"
          font-size="0.8em"
          text-anchor="middle"
          x="22"
          y="17"
        >
          map_fast32.go
        </text>
      </g>
      <g
        class="node"
        data-id="215"
        transform="translate(463,583)"
      >
        <rect
          fill="rgb(149, 80, 149)"
          height="34"
          width="44"
        />
        <text
          dominant-baseline="middle"
          fill="#fff"
          font-size="0.8em"
          text-anchor="middle"
          x="22"
          y="17"
        >
          vdso_linux.go
        </text>
      </g>
      <g
        class="node"
        data-id="276"
        transform="translate(463,618)"
      >
        <rect
          fill="rgb(149, 80, 149)"
          height="35"
          width="44"
        />
        <text
          dominant-baseline="middle"
          fill="#fff"
          font-size="0.8em"
          text-anchor="middle"
          x="22"
          y="17.5"
        >
          itabTableInit
        </text>
      </g>
      <g
        class="node"
        data-id="185"
        transform="translate(463,654)"
      >
        <rect
          fill="rgb(149, 80, 149)"
          height="36"
          width="44"
        />
        <text
          dominant-baseline="middle"
          fill="#fff"
          font-size="0.8em"
          text-anchor="middle"
          x="22"
          y="18"
        >
          profbuf.go
        </text>
      </g>
      <g
        class="node"
        data-id="237"
        transform="translate(463,691)"
      >
        <rect
          fill="rgb(149, 80, 149)"
          height="37"
          width="44"
        />
        <text
          dominant-baseline="middle"
          fill="#fff"
          font-size="0.8em"
          text-anchor="middle"
          x="22"
          y="18.5"
        >
          signal_linux_amd64.go
        </text>
      </g>
      <g
        class="node"
        data-id="122"
        transform="translate(463,729)"
      >
        <rect
          fill="rgb(149, 80, 149)"
          height="39"
          width="44"
        />
        <text
          dominant-baseline="middle"
          fill="#fff"
          font-size="0.8em"
          text-anchor="middle"
          x="22"
          y="19.5"
        >
          alg.go
        </text>
      </g>
      <g
        class="node"
        data-id="168"
        transform="translate(508,269)"
      >
        <rect
          fill="rgb(149, 80, 149)"
          height="30"
          width="59"
        />
        <text
          dominant-baseline="middle"
          fill="#fff"
          font-size="0.8em"
          text-anchor="middle"
          x="29.5"
          y="15"
        >
          mspanset.go
        </text>
      </g>
      <g
        class="node"
        data-id="155"
        transform="translate(508,300)"
      >
        <rect
          fill="rgb(149, 80, 149)"
          height="32"
          width="59"
        />
        <text
          dominant-baseline="middle"
          fill="#fff"
          font-size="0.8em"
          text-anchor="middle"
          x="29.5"
          y="16"
        >
          mgclimit.go
        </text>
      </g>
      <g
        class="node"
        data-id="192"
        transform="translate(508,333)"
      >
        <rect
          fill="rgb(149, 80, 149)"
          height="33"
          width="59"
        />
        <text
          dominant-baseline="middle"
          fill="#fff"
          font-size="0.8em"
          text-anchor="middle"
          x="29.5"
          y="16.5"
        >
          sema.go
        </text>
      </g>
      <g
        class="node"
        data-id="188"
        transform="translate(508,367)"
      >
        <rect
          fill="rgb(149, 80, 149)"
          height="35"
          width="59"
        />
        <text
          dominant-baseline="middle"
          fill="#fff"
          font-size="0.8em"
          text-anchor="middle"
          x="29.5"
          y="17.5"
        >
          runtime1.go
        </text>
      </g>
      <g
        class="node"
        data-id="183"
        transform="translate(508,403)"
      >
        <rect
          fill="rgb(149, 80, 149)"
          height="35"
          width="59"
        />
        <text
          dominant-baseline="middle"
          fill="#fff"
          font-size="0.8em"
          text-anchor="middle"
          x="29.5"
          y="17.5"
        >
          print.go
        </text>
      </g>
      <g
        class="node"
        data-id="161"
        transform="translate(508,439)"
      >
        <rect
          fill="rgb(149, 80, 149)"
          height="38"
          width="59"
        />
        <text
          dominant-baseline="middle"
          fill="#fff"
          font-size="0.8em"
          text-anchor="middle"
          x="29.5"
          y="19"
        >
          mgcwork.go
        </text>
      </g>
      <g
        class="node"
        data-id="138"
        transform="translate(508,478)"
      >
        <rect
          fill="rgb(149, 80, 149)"
          height="38"
          width="59"
        />
        <text
          dominant-baseline="middle"
          fill="#fff"
          font-size="0.8em"
          text-anchor="middle"
          x="29.5"
          y="19"
        >
          iface.go
        </text>
      </g>
      <g
        class="node"
        data-id="199"
        transform="translate(508,517)"
      >
        <rect
          fill="rgb(149, 80, 149)"
          height="39"
          width="59"
        />
        <text
          dominant-baseline="middle"
          fill="#fff"
          font-size="0.8em"
          text-anchor="middle"
          x="29.5"
          y="19.5"
        >
          string.go
        </text>
      </g>
      <g
        class="node"
        data-id="166"
        transform="translate(508,557)"
      >
        <rect
          fill="rgb(149, 80, 149)"
          height="40"
          width="59"
        />
        <text
          dominant-baseline="middle"
          fill="#fff"
          font-size="0.8em"
          text-anchor="middle"
          x="29.5"
          y="20"
        >
          mranges.go
        </text>
      </g>
      <g
        class="node"
        data-id="146"
        transform="translate(508,598)"
      >
        <rect
          fill="rgb(149, 80, 149)"
          height="41"
          width="59"
        />
        <text
          dominant-baseline="middle"
          fill="#fff"
          font-size="0.8em"
          text-anchor="middle"
          x="29.5"
          y="20.5"
        >
          map_faststr.go
        </text>
      </g>
      <g
        class="node"
        data-id="164"
        transform="translate(508,640)"
      >
        <rect
          fill="rgb(149, 80, 149)"
          height="42"
          width="59"
        />
        <text
          dominant-baseline="middle"
          fill="#fff"
          font-size="0.8em"
          text-anchor="middle"
          x="29.5"
          y="21"
        >
          mpallocbits.go
        </text>
      </g>
      <g
        class="node"
        data-id="223"
        transform="translate(508,683)"
      >
        <rect
          fill="rgb(149, 80, 149)"
          height="42"
          width="59"
        />
        <text
          dominant-baseline="middle"
          fill="#fff"
          font-size="0.8em"
          text-anchor="middle"
          x="29.5"
          y="21"
        >
          sys_linux_amd64.s
        </text>
      </g>
      <g
        class="node"
        data-id="224"
        transform="translate(568,269)"
      >
        <rect
          fill="rgb(149, 80, 149)"
          height="74"
          width="34"
        />
        <text
          dominant-baseline="middle"
          fill="#fff"
          font-size="0.8em"
          text-anchor="middle"
          x="17"
          y="37"
        >
          &lt;autogenerated&gt;
        </text>
      </g>
      <g
        class="node"
        data-id="132"
        transform="translate(603,269)"
      >
        <rect
          fill="rgb(149, 80, 149)"
          height="74"
          width="39"
        />
        <text
          dominant-baseline="middle"
          fill="#fff"
          font-size="0.8em"
          text-anchor="middle"
          x="19.5"
          y="37"
        >
          error.go
        </text>
      </g>
      <g
        class="node"
        data-id="128"
        transform="translate(643,269)"
      >
        <rect
          fill="rgb(149, 80, 149)"
          height="74"
          width="39"
        />
        <text
          dominant-baseline="middle"
          fill="#fff"
          font-size="0.8em"
          text-anchor="middle"
          x="19.5"
          y="37"
        >
          chan.go
        </text>
      </g>
      <g
        class="node"
        data-id="262"
        transform="translate(683,269)"
      >
        <rect
          fill="rgb(149, 80, 149)"
          height="74"
          width="41"
        />
        <text
          dominant-baseline="middle"
          fill="#fff"
          font-size="0.8em"
          text-anchor="middle"
          x="20.5"
          y="37"
        >
          cpuprof
        </text>
      </g>
      <g
        class="node"
        data-id="211"
        transform="translate(725,269)"
      >
        <rect
          fill="rgb(149, 80, 149)"
          height="74"
          width="44"
        />
        <text
          dominant-baseline="middle"
          fill="#fff"
          font-size="0.8em"
          text-anchor="middle"
          x="22"
          y="37"
        >
          type.go
        </text>
      </g>
      <g
        class="node"
        data-id="344"
        transform="translate(770,269)"
      >
        <rect
          fill="rgb(149, 80, 149)"
          height="74"
          width="47"
        />
        <text
          dominant-baseline="middle"
          fill="#fff"
          font-size="0.8em"
          text-anchor="middle"
          x="23.5"
          y="37"
        >
          memstats
        </text>
      </g>
      <g
        class="node"
        data-id="218"
        transform="translate(818,269)"
      >
        <rect
          fill="rgb(149, 80, 149)"
          height="74"
          width="49"
        />
        <text
          dominant-baseline="middle"
          fill="#fff"
          font-size="0.8em"
          text-anchor="middle"
          x="24.5"
          y="37"
        >
          asm_amd64.s
        </text>
      </g>
      <g
        class="node"
        data-id="174"
        transform="translate(868,269)"
      >
        <rect
          fill="rgb(149, 80, 149)"
          height="74"
          width="50"
        />
        <text
          dominant-baseline="middle"
          fill="#fff"
          font-size="0.8em"
          text-anchor="middle"
          x="25"
          y="37"
        >
          os_linux.go
        </text>
      </g>
      <g
        class="node"
        data-id="165"
        transform="translate(919,269)"
      >
        <rect
          fill="rgb(149, 80, 149)"
          height="74"
          width="51"
        />
        <text
          dominant-baseline="middle"
          fill="#fff"
          font-size="0.8em"
          text-anchor="middle"
          x="25.5"
          y="37"
        >
          mprof.go
        </text>
      </g>
      <g
        class="node"
        data-id="142"
        transform="translate(971,269)"
      >
        <rect
          fill="rgb(149, 80, 149)"
          height="74"
          width="53"
        />
        <text
          dominant-baseline="middle"
          fill="#fff"
          font-size="0.8em"
          text-anchor="middle"
          x="26.5"
          y="37"
        >
          malloc.go
        </text>
      </g>
      <g
        class="node"
        data-id="206"
        transform="translate(568,344)"
      >
        <rect
          fill="rgb(149, 80, 149)"
          height="44"
          width="90"
        />
        <text
          dominant-baseline="middle"
          fill="#fff"
          font-size="0.8em"
          text-anchor="middle"
          x="45"
          y="22"
        >
          time.go
        </text>
      </g>
      <g
        class="node"
        data-id="143"
        transform="translate(568,389)"
      >
        <rect
          fill="rgb(149, 80, 149)"
          height="44"
          width="90"
        />
        <text
          dominant-baseline="middle"
          fill="#fff"
          font-size="0.8em"
          text-anchor="middle"
          x="45"
          y="22"
        >
          map.go
        </text>
      </g>
      <g
        class="node"
        data-id="160"
        transform="translate(568,434)"
      >
        <rect
          fill="rgb(149, 80, 149)"
          height="47"
          width="90"
        />
        <text
          dominant-baseline="middle"
          fill="#fff"
          font-size="0.8em"
          text-anchor="middle"
          x="45"
          y="23.5"
        >
          mgcsweep.go
        </text>
      </g>
      <g
        class="node"
        data-id="157"
        transform="translate(568,482)"
      >
        <rect
          fill="rgb(149, 80, 149)"
          height="48"
          width="90"
        />
        <text
          dominant-baseline="middle"
          fill="#fff"
          font-size="0.8em"
          text-anchor="middle"
          x="45"
          y="24"
        >
          mgcpacer.go
        </text>
      </g>
      <g
        class="node"
        data-id="194"
        transform="translate(568,531)"
      >
        <rect
          fill="rgb(149, 80, 149)"
          height="50"
          width="90"
        />
        <text
          dominant-baseline="middle"
          fill="#fff"
          font-size="0.8em"
          text-anchor="middle"
          x="45"
          y="25"
        >
          signal_unix.go
        </text>
      </g>
      <g
        class="node"
        data-id="163"
        transform="translate(568,582)"
      >
        <rect
          fill="rgb(149, 80, 149)"
          height="57"
          width="90"
        />
        <text
          dominant-baseline="middle"
          fill="#fff"
          font-size="0.8em"
          text-anchor="middle"
          x="45"
          y="28.5"
        >
          mpagealloc.go
        </text>
      </g>
      <g
        class="node"
        data-id="148"
        transform="translate(568,640)"
      >
        <rect
          fill="rgb(149, 80, 149)"
          height="63"
          width="90"
        />
        <text
          dominant-baseline="middle"
          fill="#fff"
          font-size="0.8em"
          text-anchor="middle"
          x="45"
          y="31.5"
        >
          mbitmap.go
        </text>
      </g>
      <g
        class="node"
        data-id="158"
        transform="translate(568,704)"
      >
        <rect
          fill="rgb(149, 80, 149)"
          height="64"
          width="90"
        />
        <text
          dominant-baseline="middle"
          fill="#fff"
          font-size="0.8em"
          text-anchor="middle"
          x="45"
          y="32"
        >
          mgcscavenge.go
        </text>
      </g>
      <g
        class="node"
        data-id="197"
        transform="translate(659,344)"
      >
        <rect
          fill="rgb(149, 80, 149)"
          height="103"
          width="57"
        />
        <text
          dominant-baseline="middle"
          fill="#fff"
          font-size="0.8em"
          text-anchor="middle"
          x="28.5"
          y="51.5"
        >
          stack.go
        </text>
      </g>
      <g
        class="node"
        data-id="202"
        transform="translate(717,344)"
      >
        <rect
          fill="rgb(149, 80, 149)"
          height="103"
          width="58"
        />
        <text
          dominant-baseline="middle"
          fill="#fff"
          font-size="0.8em"
          text-anchor="middle"
          x="29"
          y="51.5"
        >
          symtab.go
        </text>
      </g>
      <g
        class="node"
        data-id="209"
        transform="translate(776,344)"
      >
        <rect
          fill="rgb(149, 80, 149)"
          height="103"
          width="59"
        />
        <text
          dominant-baseline="middle"
          fill="#fff"
          font-size="0.8em"
          text-anchor="middle"
          x="29.5"
          y="51.5"
        >
          trace.go
        </text>
      </g>
      <g
        class="node"
        data-id="154"
        transform="translate(836,344)"
      >
        <rect
          fill="rgb(149, 80, 149)"
          height="103"
          width="60"
        />
        <text
          dominant-baseline="middle"
          fill="#fff"
          font-size="0.8em"
          text-anchor="middle"
          x="30"
          y="51.5"
        >
          mgc.go
        </text>
      </g>
      <g
        class="node"
        data-id="448"
        transform="translate(897,344)"
      >
        <rect
          fill="rgb(149, 80, 149)"
          height="103"
          width="61"
        />
        <text
          dominant-baseline="middle"
          fill="#fff"
          font-size="0.8em"
          text-anchor="middle"
          x="30.5"
          y="51.5"
        >
          semtable
        </text>
      </g>
      <g
        class="node"
        data-id="156"
        transform="translate(959,344)"
      >
        <rect
          fill="rgb(149, 80, 149)"
          height="103"
          width="65"
        />
        <text
          dominant-baseline="middle"
          fill="#fff"
          font-size="0.8em"
          text-anchor="middle"
          x="32.5"
          y="51.5"
        >
          mgcmark.go
        </text>
      </g>
      <g
        class="node"
        data-id="180"
        transform="translate(659,448)"
      >
        <rect
          fill="rgb(149, 80, 149)"
          height="45"
          width="153"
        />
        <text
          dominant-baseline="middle"
          fill="#fff"
          font-size="0.8em"
          text-anchor="middle"
          x="76.5"
          y="22.5"
        >
          panic.go
        </text>
      </g>
      <g
        class="node"
        data-id="162"
        transform="translate(659,494)"
      >
        <rect
          fill="rgb(149, 80, 149)"
          height="50"
          width="153"
        />
        <text
          dominant-baseline="middle"
          fill="#fff"
          font-size="0.8em"
          text-anchor="middle"
          x="76.5"
          y="25"
        >
          mheap.go
        </text>
      </g>
      <g
        class="node"
        data-id="210"
        transform="translate(659,545)"
      >
        <rect
          fill="rgb(149, 80, 149)"
          height="53"
          width="153"
        />
        <text
          dominant-baseline="middle"
          fill="#fff"
          font-size="0.8em"
          text-anchor="middle"
          x="76.5"
          y="26.5"
        >
          traceback.go
        </text>
      </g>
      <g
        class="node"
        data-id="477"
        transform="translate(659,599)"
      >
        <rect
          fill="rgb(149, 80, 149)"
          height="169"
          width="153"
        />
        <text
          dominant-baseline="middle"
          fill="#fff"
          font-size="0.8em"
          text-anchor="middle"
          x="76.5"
          y="84.5"
        >
          trace
        </text>
      </g>
      <g
        class="node"
        data-id="184"
        transform="translate(813,448)"
      >
        <rect
          fill="rgb(149, 80, 149)"
          height="320"
          width="96"
        />
        <text
          dominant-baseline="middle"
          fill="#fff"
          font-size="0.8em"
          text-anchor="middle"
          x="48"
          y="160"
        >
          proc.go
        </text>
      </g>
      <g
        class="node"
        data-id="320"
        transform="translate(910,448)"
      >
        <rect
          fill="rgb(149, 80, 149)"
          height="320"
          width="114"
        />
        <text
          dominant-baseline="middle"
          fill="#fff"
          font-size="0.8em"
          text-anchor="middle"
          x="57"
          y="160"
        >
          mheap_
        </text>
      </g>
      <g
        class="node"
        data-id="81"
        transform="translate(261,703)"
      >
        <rect
          fill="rgb(99, 54, 99)"
          height="28"
          width="6"
        />
      </g>
      <g
        class="node"
        data-id="79"
        transform="translate(268,703)"
      >
        <rect
          fill="rgb(99, 54, 99)"
          height="28"
          width="19"
        />
        <text
          dominant-baseline="middle"
          fill="#fff"
          font-size="0.8em"
          text-anchor="middle"
          x="9.5"
          y="14"
        >
          format.go
        </text>
      </g>
      <g
        class="node"
        data-id="80"
        transform="translate(261,732)"
      >
        <rect
          fill="rgb(99, 54, 99)"
          height="36"
          width="26"
        />
        <text
          dominant-baseline="middle"
          fill="#fff"
          font-size="0.8em"
          text-anchor="middle"
          x="13"
          y="18"
        >
          fs.go
        </text>
      </g>
      <g
        class="node"
        data-id="241"
        transform="translate(508,746)"
      >
        <rect
          fill="rgb(99, 54, 99)"
          height="22"
          width="3"
        />
      </g>
      <g
        class="node"
        data-id="242"
        transform="translate(512,746)"
      >
        <rect
          fill="rgb(99, 54, 99)"
          height="22"
          width="55"
        />
        <text
          dominant-baseline="middle"
          fill="#fff"
          font-size="0.8em"
          text-anchor="middle"
          x="27.5"
          y="11"
        >
          types.go
        </text>
      </g>
    </g>
  </svg>
</div>
`;
